Component: Arm Compiler for Embedded 6.23 Tool: armlink [5f102400]

==============================================================================

Section Cross References

    startup_stm32f103xe.o(RESET) refers to startup_stm32f103xe.o(STACK) for __initial_sp
    startup_stm32f103xe.o(RESET) refers to startup_stm32f103xe.o(.text) for Reset_Handler
    startup_stm32f103xe.o(RESET) refers to stm32f1xx_it.o(.text.NMI_Handler) for NMI_Handler
    startup_stm32f103xe.o(RESET) refers to stm32f1xx_it.o(.text.HardFault_Handler) for HardFault_Handler
    startup_stm32f103xe.o(RESET) refers to stm32f1xx_it.o(.text.MemManage_Handler) for MemManage_Handler
    startup_stm32f103xe.o(RESET) refers to stm32f1xx_it.o(.text.BusFault_Handler) for BusFault_Handler
    startup_stm32f103xe.o(RESET) refers to stm32f1xx_it.o(.text.UsageFault_Handler) for UsageFault_Handler
    startup_stm32f103xe.o(RESET) refers to stm32f1xx_it.o(.text.SVC_Handler) for SVC_Handler
    startup_stm32f103xe.o(RESET) refers to stm32f1xx_it.o(.text.DebugMon_Handler) for DebugMon_Handler
    startup_stm32f103xe.o(RESET) refers to stm32f1xx_it.o(.text.PendSV_Handler) for PendSV_Handler
    startup_stm32f103xe.o(RESET) refers to stm32f1xx_it.o(.text.SysTick_Handler) for SysTick_Handler
    startup_stm32f103xe.o(RESET) refers to stm32f1xx_it.o(.text.EXTI1_IRQHandler) for EXTI1_IRQHandler
    startup_stm32f103xe.o(RESET) refers to stm32f1xx_it.o(.text.EXTI2_IRQHandler) for EXTI2_IRQHandler
    startup_stm32f103xe.o(RESET) refers to stm32f1xx_it.o(.text.EXTI3_IRQHandler) for EXTI3_IRQHandler
    startup_stm32f103xe.o(RESET) refers to stm32f1xx_it.o(.text.DMA1_Channel1_IRQHandler) for DMA1_Channel1_IRQHandler
    startup_stm32f103xe.o(RESET) refers to stm32f1xx_it.o(.text.DMA1_Channel2_IRQHandler) for DMA1_Channel2_IRQHandler
    startup_stm32f103xe.o(RESET) refers to stm32f1xx_it.o(.text.DMA1_Channel3_IRQHandler) for DMA1_Channel3_IRQHandler
    startup_stm32f103xe.o(RESET) refers to stm32f1xx_it.o(.text.DMA1_Channel4_IRQHandler) for DMA1_Channel4_IRQHandler
    startup_stm32f103xe.o(RESET) refers to stm32f1xx_it.o(.text.DMA1_Channel5_IRQHandler) for DMA1_Channel5_IRQHandler
    startup_stm32f103xe.o(RESET) refers to stm32f1xx_it.o(.text.ADC1_2_IRQHandler) for ADC1_2_IRQHandler
    startup_stm32f103xe.o(RESET) refers to stm32f1xx_it.o(.text.EXTI9_5_IRQHandler) for EXTI9_5_IRQHandler
    startup_stm32f103xe.o(RESET) refers to stm32f1xx_it.o(.text.USART1_IRQHandler) for USART1_IRQHandler
    startup_stm32f103xe.o(RESET) refers to stm32f1xx_it.o(.text.USART3_IRQHandler) for USART3_IRQHandler
    startup_stm32f103xe.o(RESET) refers to stm32f1xx_it.o(.text.EXTI15_10_IRQHandler) for EXTI15_10_IRQHandler
    startup_stm32f103xe.o(RESET) refers to stm32f1xx_it.o(.text.TIM5_IRQHandler) for TIM5_IRQHandler
    startup_stm32f103xe.o(RESET) refers to stm32f1xx_it.o(.text.TIM6_IRQHandler) for TIM6_IRQHandler
    startup_stm32f103xe.o(RESET) refers to stm32f1xx_it.o(.text.TIM7_IRQHandler) for TIM7_IRQHandler
    startup_stm32f103xe.o(.text) refers to system_stm32f1xx.o(.text.SystemInit) for SystemInit
    startup_stm32f103xe.o(.text) refers to entry.o(.ARM.Collect$$$$00000000) for __main
    common.o(.text.fputc) refers to common.o(.bss.fputc.printf_idx) for fputc.printf_idx
    common.o(.text.fputc) refers to common.o(.bss.fputc.printf_buf) for fputc.printf_buf
    common.o(.text.fputc) refers to uart_dma.o(.text.UartTxDataQueue) for UartTxDataQueue
    common.o(.ARM.exidx.text.fputc) refers to common.o(.text.fputc) for [Anonymous Symbol]
    common.o(.text.HAL_TIM_PeriodElapsedCallback) refers to tim.o(.bss.htim5) for htim5
    common.o(.text.HAL_TIM_PeriodElapsedCallback) refers to tim.o(.bss.htim6) for htim6
    common.o(.text.HAL_TIM_PeriodElapsedCallback) refers to tim.o(.bss.htim7) for htim7
    common.o(.text.HAL_TIM_PeriodElapsedCallback) refers to ultrasonicwave.o(.bss..L_MergedGlobals.2) for g_ultrawave_state
    common.o(.text.HAL_TIM_PeriodElapsedCallback) refers to common.o(.bss.HAL_TIM_PeriodElapsedCallback.counter) for HAL_TIM_PeriodElapsedCallback.counter
    common.o(.text.HAL_TIM_PeriodElapsedCallback) refers to car_control.o(.bss..L_MergedGlobals) for g_car_ctrl_state
    common.o(.text.HAL_TIM_PeriodElapsedCallback) refers to speed_encoder.o(.text.Speed_Encoder_Update) for Speed_Encoder_Update
    common.o(.text.HAL_TIM_PeriodElapsedCallback) refers to music.o(.bss..L_MergedGlobals.1) for g_music_state
    common.o(.text.HAL_TIM_PeriodElapsedCallback) refers to led_show.o(.bss..L_MergedGlobals.1) for g_LED_Show_state
    common.o(.ARM.exidx.text.HAL_TIM_PeriodElapsedCallback) refers to common.o(.text.HAL_TIM_PeriodElapsedCallback) for [Anonymous Symbol]
    common.o(.text.HAL_GPIO_EXTI_Callback) refers to ultrasonicwave.o(.text.UltrasonicWave_Echo) for UltrasonicWave_Echo
    common.o(.text.HAL_GPIO_EXTI_Callback) refers to ctrl_menu.o(.bss..L_MergedGlobals) for g_btn1_flag
[...]
    CarCtrl_Show.pwm.1                       0x200002a4   Data           4  car_control.o(.bss..L_MergedGlobals)
    CarCtrl_Process.scope_send_counter       0x200002a8   Data           4  car_control.o(.bss..L_MergedGlobals)
    .L_MergedGlobals                         0x200002ba   Data           7  ctrl_menu.o(.bss..L_MergedGlobals)
    [Anonymous Symbol]                       0x200002ba   Section        0  ctrl_menu.o(.bss..L_MergedGlobals)
    .L_MergedGlobals                         0x200002c1   Data          66  user_command.o(.bss..L_MergedGlobals)
    UartCtrl_RxDataCallback.tag_flag         0x200002c1   Data           1  user_command.o(.bss..L_MergedGlobals)
    [Anonymous Symbol]                       0x200002c1   Section        0  user_command.o(.bss..L_MergedGlobals)
    UartCtrl_RxDataCallback.index            0x200002c2   Data           1  user_command.o(.bss..L_MergedGlobals)
    .L_MergedGlobals.1                       0x20000304   Data           8  music.o(.bss..L_MergedGlobals.1)
    [Anonymous Symbol]                       0x20000304   Section        0  music.o(.bss..L_MergedGlobals.1)
    .L_MergedGlobals.1                       0x2000030c   Data           4  led_show.o(.bss..L_MergedGlobals.1)
    [Anonymous Symbol]                       0x2000030c   Section        0  led_show.o(.bss..L_MergedGlobals.1)
    UserLEDShowProcess.col                   0x2000030e   Data           1  led_show.o(.bss..L_MergedGlobals.1)
    UserLEDShowProcess.cat                   0x2000030f   Data           1  led_show.o(.bss..L_MergedGlobals.1)
    .L_MergedGlobals.2                       0x20000310   Data           2  ultrasonicwave.o(.bss..L_MergedGlobals.2)
    [Anonymous Symbol]                       0x20000310   Section        0  ultrasonicwave.o(.bss..L_MergedGlobals.2)
    HAL_TIM_PeriodElapsedCallback.counter    0x20000314   Data           4  common.o(.bss.HAL_TIM_PeriodElapsedCallback.counter)
    [Anonymous Symbol]                       0x20000314   Section        0  common.o(.bss.HAL_TIM_PeriodElapsedCallback.counter)
    fputc.printf_buf                         0x20000318   Data         128  common.o(.bss.fputc.printf_buf)
    [Anonymous Symbol]                       0x20000318   Section        0  common.o(.bss.fputc.printf_buf)
    fputc.printf_idx                         0x20000398   Data           1  common.o(.bss.fputc.printf_idx)
    [Anonymous Symbol]                       0x20000398   Section        0  common.o(.bss.fputc.printf_idx)
    STACK                                    0x20000da0   Section     1024  startup_stm32f103xe.o(STACK)

    Global Symbols

    Symbol Name                              Value     Ov Type        Size  Object(Section)

    BuildAttributes$$THM_ISAv4$P$D$K$B$S$PE$A:L22UL41UL21$X:L11$S22US41US21$IEEE1$IW$~IW$USESV6$~STKCKD$USESV7$~SHL$OTIME$ROPI$EBA8$MICROLIB$REQ8$PRES8$EABIv2 0x00000000   Number         0  anon$$obj.o ABSOLUTE
    _printf_a                                0x00000000   Number         0  printfstubs.o ABSOLUTE
    _printf_c                                0x00000000   Number         0  printfstubs.o ABSOLUTE
    _printf_charcount                        0x00000000   Number         0  printfstubs.o ABSOLUTE
    _printf_d                                0x00000000   Number         0  printfstubs.o ABSOLUTE
    _printf_e                                0x00000000   Number         0  printfstubs.o ABSOLUTE
    _printf_f                                0x00000000   Number         0  printfstubs.o ABSOLUTE
    _printf_flags                            0x00000000   Number         0  printfstubs.o ABSOLUTE
    _printf_fp_dec                           0x00000000   Number         0  printfstubs.o ABSOLUTE
    _printf_fp_hex                           0x00000000   Number         0  printfstubs.o ABSOLUTE
    _printf_g                                0x00000000   Number         0  printfstubs.o ABSOLUTE
    _printf_i                                0x00000000   Number         0  printfstubs.o ABSOLUTE
    _printf_int_dec                          0x00000000   Number         0  printfstubs.o ABSOLUTE
    _printf_l                                0x00000000   Number         0  printfstubs.o ABSOLUTE
    _printf_lc                               0x00000000   Number         0  printfstubs.o ABSOLUTE
    _printf_ll                               0x00000000   Number         0  printfstubs.o ABSOLUTE
    _printf_lld                              0x00000000   Number         0  printfstubs.o ABSOLUTE
    _printf_lli                              0x00000000   Number         0  printfstubs.o ABSOLUTE
    _printf_llo                              0x00000000   Number         0  printfstubs.o ABSOLUTE
    _printf_llu                              0x00000000   Number         0  printfstubs.o ABSOLUTE
    _printf_llx                              0x00000000   Number         0  printfstubs.o ABSOLUTE
    _printf_longlong_dec                     0x00000000   Number         0  printfstubs.o ABSOLUTE
    _printf_longlong_hex                     0x00000000   Number         0  printfstubs.o ABSOLUTE
    _printf_longlong_oct                     0x00000000   Number         0  printfstubs.o ABSOLUTE
    _printf_ls                               0x00000000   Number         0  printfstubs.o ABSOLUTE
    _printf_mbtowc                           0x00000000   Number         0  printfstubs.o ABSOLUTE
    _printf_n                                0x00000000   Number         0  printfstubs.o ABSOLUTE
    _printf_o                                0x00000000   Number         0  printfstubs.o ABSOLUTE
    _printf_p                                0x00000000   Number         0  printfstubs.o ABSOLUTE
    _printf_percent                          0x00000000   Number         0  printfstubs.o ABSOLUTE
    _printf_pre_padding                      0x00000000   Number         0  printfstubs.o ABSOLUTE
    _printf_return_value                     0x00000000   Number         0  printfstubs.o ABSOLUTE
    _printf_s                                0x00000000   Number         0  printfstubs.o ABSOLUTE
    _printf_sizespec                         0x00000000   Number         0  printfstubs.o ABSOLUTE
    _printf_str                              0x00000000   Number         0  printfstubs.o ABSOLUTE
    _printf_truncate_signed                  0x00000000   Number         0  printfstubs.o ABSOLUTE
    _printf_truncate_unsigned                0x00000000   Number         0  printfstubs.o ABSOLUTE
    _printf_u                                0x00000000   Number         0  printfstubs.o ABSOLUTE
    _printf_wc                               0x00000000   Number         0  printfstubs.o ABSOLUTE
    _printf_wctomb                           0x00000000   Number         0  printfstubs.o ABSOLUTE
    _printf_widthprec                        0x00000000   Number         0  printfstubs.o ABSOLUTE
    _printf_x                                0x00000000   Number         0  printfstubs.o ABSOLUTE
    __cpp_initialize__aeabi_                  - Undefined Weak Reference
    __cxa_finalize                            - Undefined Weak Reference
    _clock_init                               - Undefined Weak Reference
    _microlib_exit                            - Undefined Weak Reference
    __Vectors_Size                           0x00000130   Number         0  startup_stm32f103xe.o ABSOLUTE
    __Vectors                                0x08000000   Data           4  startup_stm32f103xe.o(RESET)
    __Vectors_End                            0x08000130   Data           0  startup_stm32f103xe.o(RESET)
    __main                                   0x08000131   Thumb Code     0  entry.o(.ARM.Collect$$$$00000000)
    _main_stk                                0x08000131   Thumb Code     0  entry2.o(.ARM.Collect$$$$00000001)
    _main_scatterload                        0x08000135   Thumb Code     0  entry5.o(.ARM.Collect$$$$00000004)
    __main_after_scatterload                 0x08000139   Thumb Code     0  entry5.o(.ARM.Collect$$$$00000004)
    _main_clock                              0x08000139   Thumb Code     0  entry7b.o(.ARM.Collect$$$$00000008)
    _main_cpp_init                           0x08000139   Thumb Code     0  entry8b.o(.ARM.Collect$$$$0000000A)
    _main_init                               0x08000139   Thumb Code     0  entry9a.o(.ARM.Collect$$$$0000000B)
    __rt_final_cpp                           0x08000141   Thumb Code     0  entry10a.o(.ARM.Collect$$$$0000000D)
    __rt_final_exit                          0x08000141   Thumb Code     0  entry11a.o(.ARM.Collect$$$$0000000F)
    Reset_Handler                            0x08000145   Thumb Code     8  startup_stm32f103xe.o(.text)
    ADC3_IRQHandler                          0x0800015f   Thumb Code     0  startup_stm32f103xe.o(.text)
    CAN1_RX1_IRQHandler                      0x0800015f   Thumb Code     0  startup_stm32f103xe.o(.text)
    CAN1_SCE_IRQHandler                      0x0800015f   Thumb Code     0  startup_stm32f103xe.o(.text)
    DMA1_Channel6_IRQHandler                 0x0800015f   Thumb Code     0  startup_stm32f103xe.o(.text)
    DMA1_Channel7_IRQHandler                 0x0800015f   Thumb Code     0  startup_stm32f103xe.o(.text)
    DMA2_Channel1_IRQHandler                 0x0800015f   Thumb Code     0  startup_stm32f103xe.o(.text)
    DMA2_Channel2_IRQHandler                 0x0800015f   Thumb Code     0  startup_stm32f103xe.o(.text)
    DMA2_Channel3_IRQHandler                 0x0800015f   Thumb Code     0  startup_stm32f103xe.o(.text)
    DMA2_Channel4_5_IRQHandler               0x0800015f   Thumb Code     0  startup_stm32f103xe.o(.text)
    EXTI0_IRQHandler                         0x0800015f   Thumb Code     0  startup_stm32f103xe.o(.text)
    EXTI4_IRQHandler                         0x0800015f   Thumb Code     0  startup_stm32f103xe.o(.text)
    FLASH_IRQHandler                         0x0800015f   Thumb Code     0  startup_stm32f103xe.o(.text)
    FSMC_IRQHandler                          0x0800015f   Thumb Code     0  startup_stm32f103xe.o(.text)
    I2C1_ER_IRQHandler                       0x0800015f   Thumb Code     0  startup_stm32f103xe.o(.text)
    I2C1_EV_IRQHandler                       0x0800015f   Thumb Code     0  startup_stm32f103xe.o(.text)
    I2C2_ER_IRQHandler                       0x0800015f   Thumb Code     0  startup_stm32f103xe.o(.text)
    I2C2_EV_IRQHandler                       0x0800015f   Thumb Code     0  startup_stm32f103xe.o(.text)
    PVD_IRQHandler                           0x0800015f   Thumb Code     0  startup_stm32f103xe.o(.text)
    RCC_IRQHandler                           0x0800015f   Thumb Code     0  startup_stm32f103xe.o(.text)
    RTC_Alarm_IRQHandler                     0x0800015f   Thumb Code     0  startup_stm32f103xe.o(.text)
    RTC_IRQHandler                           0x0800015f   Thumb Code     0  startup_stm32f103xe.o(.text)
    SDIO_IRQHandler                          0x0800015f   Thumb Code     0  startup_stm32f103xe.o(.text)
    SPI1_IRQHandler                          0x0800015f   Thumb Code     0  startup_stm32f103xe.o(.text)
    SPI2_IRQHandler                          0x0800015f   Thumb Code     0  startup_stm32f103xe.o(.text)
    SPI3_IRQHandler                          0x0800015f   Thumb Code     0  startup_stm32f103xe.o(.text)
    TAMPER_IRQHandler                        0x0800015f   Thumb Code     0  startup_stm32f103xe.o(.text)
    TIM1_BRK_IRQHandler                      0x0800015f   Thumb Code     0  startup_stm32f103xe.o(.text)
    TIM1_CC_IRQHandler                       0x0800015f   Thumb Code     0  startup_stm32f103xe.o(.text)
    TIM1_TRG_COM_IRQHandler                  0x0800015f   Thumb Code     0  startup_stm32f103xe.o(.text)
    TIM1_UP_IRQHandler                       0x0800015f   Thumb Code     0  startup_stm32f103xe.o(.text)
    TIM2_IRQHandler                          0x0800015f   Thumb Code     0  startup_stm32f103xe.o(.text)
    TIM3_IRQHandler                          0x0800015f   Thumb Code     0  startup_stm32f103xe.o(.text)
    TIM4_IRQHandler                          0x0800015f   Thumb Code     0  startup_stm32f103xe.o(.text)
    TIM8_BRK_IRQHandler                      0x0800015f   Thumb Code     0  startup_stm32f103xe.o(.text)
    TIM8_CC_IRQHandler                       0x0800015f   Thumb Code     0  startup_stm32f103xe.o(.text)
    TIM8_TRG_COM_IRQHandler                  0x0800015f   Thumb Code     0  startup_stm32f103xe.o(.text)
    TIM8_UP_IRQHandler                       0x0800015f   Thumb Code     0  startup_stm32f103xe.o(.text)
    UART4_IRQHandler                         0x0800015f   Thumb Code     0  startup_stm32f103xe.o(.text)
    UART5_IRQHandler                         0x0800015f   Thumb Code     0  startup_stm32f103xe.o(.text)
    USART2_IRQHandler                        0x0800015f   Thumb Code     0  startup_stm32f103xe.o(.text)
    USBWakeUp_IRQHandler                     0x0800015f   Thumb Code     0  startup_stm32f103xe.o(.text)
    USB_HP_CAN1_TX_IRQHandler                0x0800015f   Thumb Code     0  startup_stm32f103xe.o(.text)
    USB_LP_CAN1_RX0_IRQHandler               0x0800015f   Thumb Code     0  startup_stm32f103xe.o(.text)
    WWDG_IRQHandler                          0x0800015f   Thumb Code     0  startup_stm32f103xe.o(.text)
    __aeabi_memcpy                           0x08000169   Thumb Code    36  memcpya.o(.text)
    __aeabi_memcpy4                          0x08000169   Thumb Code     0  memcpya.o(.text)
    __aeabi_memcpy8                          0x08000169   Thumb Code     0  memcpya.o(.text)
    strlen                                   0x0800018d   Thumb Code    14  strlen.o(.text)
    strcasecmp                               0x0800019b   Thumb Code    42  strcasecmp.o(.text)
    strncasecmp                              0x080001c5   Thumb Code    50  strncasecmp.o(.text)
    __aeabi_fadd                             0x080001f7   Thumb Code   164  fadd.o(.text)
    __aeabi_fsub                             0x0800029b   Thumb Code     6  fadd.o(.text)
    __aeabi_frsub                            0x080002a1   Thumb Code     6  fadd.o(.text)
    __aeabi_fmul                             0x080002a7   Thumb Code   100  fmul.o(.text)
    __aeabi_ddiv                             0x0800030b   Thumb Code   222  ddiv.o(.text)
    __aeabi_i2f                              0x080003e9   Thumb Code    18  fflti.o(.text)
    __aeabi_ui2d                             0x080003fb   Thumb Code    26  dfltui.o(.text)
    __aeabi_f2iz                             0x08000415   Thumb Code    50  ffixi.o(.text)
    __aeabi_uidiv                            0x08000447   Thumb Code     0  uidiv.o(.text)
    __aeabi_uidivmod                         0x08000447   Thumb Code    44  uidiv.o(.text)
    __aeabi_uldivmod                         0x08000473   Thumb Code    98  uldiv.o(.text)
    tolower                                  0x080004d5   Thumb Code    12  tolower.o(.text)
    __I$use$fp                               0x080004e1   Thumb Code     0  iusefp.o(.text)
    _float_round                             0x080004e1   Thumb Code    18  fepilogue.o(.text)
    _float_epilogue                          0x080004f3   Thumb Code    92  fepilogue.o(.text)
    _double_round                            0x0800054f   Thumb Code    30  depilogue.o(.text)
    _double_epilogue                         0x0800056d   Thumb Code   156  depilogue.o(.text)
    __aeabi_dadd                             0x08000609   Thumb Code   322  dadd.o(.text)
    __aeabi_dsub                             0x0800074b   Thumb Code     6  dadd.o(.text)
    __aeabi_drsub                            0x08000751   Thumb Code     6  dadd.o(.text)
    __aeabi_dmul                             0x08000757   Thumb Code   228  dmul.o(.text)
    __aeabi_d2ulz                            0x0800083b   Thumb Code    48  dfixul.o(.text)
    __aeabi_cdrcmple                         0x0800086d   Thumb Code    48  cdrcmple.o(.text)
    __scatterload                            0x0800089d   Thumb Code    38  init.o(.text)
    __scatterload_rt2                        0x0800089d   Thumb Code     0  init.o(.text)
    __aeabi_llsl                             0x080008cd   Thumb Code    30  llshl.o(.text)
    _ll_shift_l                              0x080008cd   Thumb Code     0  llshl.o(.text)
    __aeabi_llsr                             0x080008eb   Thumb Code    32  llushr.o(.text)
    _ll_ushift_r                             0x080008eb   Thumb Code     0  llushr.o(.text)
    __aeabi_lasr                             0x0800090b   Thumb Code    36  llsshr.o(.text)
    _ll_sshift_r                             0x0800090b   Thumb Code     0  llsshr.o(.text)
    __decompress                             0x0800092f   Thumb Code     0  __dczerorl2.o(.text)
    __decompress1                            0x0800092f   Thumb Code    86  __dczerorl2.o(.text)
    ADC1_2_IRQHandler                        0x08000985   Thumb Code    12  stm32f1xx_it.o(.text.ADC1_2_IRQHandler)
    BusFault_Handler                         0x08000991   Thumb Code     2  stm32f1xx_it.o(.text.BusFault_Handler)
    CarCtrl_Backward                         0x08000995   Thumb Code    38  car_control.o(.text.CarCtrl_Backward)
    CarCtrl_Forward                          0x080009bd   Thumb Code    38  car_control.o(.text.CarCtrl_Forward)
    CarCtrl_Init                             0x080009e5   Thumb Code    30  car_control.o(.text.CarCtrl_Init)
    CarCtrl_Left                             0x08000a05   Thumb Code    28  car_control.o(.text.CarCtrl_Left)
    CarCtrl_PlanSet                          0x08000a21   Thumb Code   130  car_control.o(.text.CarCtrl_PlanSet)
    CarCtrl_Process                          0x08000aa5   Thumb Code    90  car_control.o(.text.CarCtrl_Process)
    CarCtrl_Right                            0x08000b01   Thumb Code    32  car_control.o(.text.CarCtrl_Right)
    CarCtrl_SpeedDown                        0x08000b21   Thumb Code    22  car_control.o(.text.CarCtrl_SpeedDown)
    CarCtrl_SpeedUp                          0x08000b39   Thumb Code    22  car_control.o(.text.CarCtrl_SpeedUp)
    CarCtrl_Speed_PID                        0x08000b51   Thumb Code   260  car_control.o(.text.CarCtrl_Speed_PID)
    CarCtrl_Start                            0x08000c55   Thumb Code    14  car_control.o(.text.CarCtrl_Start)
    CarCtrl_Stop                             0x08000c65   Thumb Code    16  car_control.o(.text.CarCtrl_Stop)
    CarCtrl_Straight                         0x08000c75   Thumb Code    20  car_control.o(.text.CarCtrl_Straight)
    CarCtrl_SuperStart                       0x08000c89   Thumb Code    24  car_control.o(.text.CarCtrl_SuperStart)
    CheckUartRxData                          0x08000ca1   Thumb Code   190  uart_dma.o(.text.CheckUartRxData)
    CheckUartTxData                          0x08000d61   Thumb Code   174  uart_dma.o(.text.CheckUartTxData)
    Ctrl_Menu_Init                           0x08000e11   Thumb Code   320  ctrl_menu.o(.text.Ctrl_Menu_Init)
    Ctrl_Menu_Process                        0x08000f65   Thumb Code   432  ctrl_menu.o(.text.Ctrl_Menu_Process)
    Ctrl_Menu_Return                         0x08001115   Thumb Code   352  ctrl_menu.o(.text.Ctrl_Menu_Return)
    Ctrl_Menu_Show                           0x08001275   Thumb Code   230  ctrl_menu.o(.text.Ctrl_Menu_Show)
    DMA1_Channel1_IRQHandler                 0x0800135d   Thumb Code    12  stm32f1xx_it.o(.text.DMA1_Channel1_IRQHandler)
    DMA1_Channel2_IRQHandler                 0x08001369   Thumb Code    12  stm32f1xx_it.o(.text.DMA1_Channel2_IRQHandler)
    DMA1_Channel3_IRQHandler                 0x08001375   Thumb Code    12  stm32f1xx_it.o(.text.DMA1_Channel3_IRQHandler)
    DMA1_Channel4_IRQHandler                 0x08001381   Thumb Code    12  stm32f1xx_it.o(.text.DMA1_Channel4_IRQHandler)
    DMA1_Channel5_IRQHandler                 0x0800138d   Thumb Code    12  stm32f1xx_it.o(.text.DMA1_Channel5_IRQHandler)
    DebugMon_Handler                         0x08001399   Thumb Code     2  stm32f1xx_it.o(.text.DebugMon_Handler)
    Drive_Moto_Ctrl                          0x0800139d   Thumb Code   160  motor_drive.o(.text.Drive_Moto_Ctrl)
    Drive_Moto_Init                          0x0800143d   Thumb Code   620  motor_drive.o(.text.Drive_Moto_Init)
    EXTI15_10_IRQHandler                     0x080016a9   Thumb Code     8  stm32f1xx_it.o(.text.EXTI15_10_IRQHandler)
    EXTI1_IRQHandler                         0x080016b1   Thumb Code     6  stm32f1xx_it.o(.text.EXTI1_IRQHandler)
    EXTI2_IRQHandler                         0x080016b9   Thumb Code     6  stm32f1xx_it.o(.text.EXTI2_IRQHandler)
    EXTI3_IRQHandler                         0x080016c1   Thumb Code     6  stm32f1xx_it.o(.text.EXTI3_IRQHandler)
    EXTI9_5_IRQHandler                       0x080016c9   Thumb Code     6  stm32f1xx_it.o(.text.EXTI9_5_IRQHandler)
    Error_Handler                            0x080016d1   Thumb Code    10  main.o(.text.Error_Handler)
    HAL_ADCEx_InjectedConvCpltCallback       0x080016dd   Thumb Code     2  stm32f1xx_hal_adc_ex.o(.text.HAL_ADCEx_InjectedConvCpltCallback)
    HAL_ADC_ConfigChannel                    0x080016e1   Thumb Code   318  stm32f1xx_hal_adc.o(.text.HAL_ADC_ConfigChannel)
    HAL_ADC_ConvCpltCallback                 0x08001821   Thumb Code     2  stm32f1xx_hal_adc.o(.text.HAL_ADC_ConvCpltCallback)
    HAL_ADC_IRQHandler                       0x08001825   Thumb Code   238  stm32f1xx_hal_adc.o(.text.HAL_ADC_IRQHandler)
    HAL_ADC_Init                             0x08001915   Thumb Code   364  stm32f1xx_hal_adc.o(.text.HAL_ADC_Init)
    HAL_ADC_LevelOutOfWindowCallback         0x08001a81   Thumb Code     2  stm32f1xx_hal_adc.o(.text.HAL_ADC_LevelOutOfWindowCallback)
    HAL_ADC_MspInit                          0x08001a85   Thumb Code   176  adc.o(.text.HAL_ADC_MspInit)
    HAL_DMA_Abort                            0x08001b35   Thumb Code    70  stm32f1xx_hal_dma.o(.text.HAL_DMA_Abort)
    HAL_DMA_Abort_IT                         0x08001b7d   Thumb Code   304  stm32f1xx_hal_dma.o(.text.HAL_DMA_Abort_IT)
    HAL_DMA_IRQHandler                       0x08001cad   Thumb Code   654  stm32f1xx_hal_dma.o(.text.HAL_DMA_IRQHandler)
    HAL_DMA_Init                             0x08001f3d   Thumb Code   156  stm32f1xx_hal_dma.o(.text.HAL_DMA_Init)
    HAL_DMA_Start_IT                         0x08001fd9   Thumb Code   160  stm32f1xx_hal_dma.o(.text.HAL_DMA_Start_IT)
    HAL_GPIO_EXTI_Callback                   0x08002079   Thumb Code    66  common.o(.text.HAL_GPIO_EXTI_Callback)
    HAL_GPIO_EXTI_IRQHandler                 0x080020bd   Thumb Code    22  stm32f1xx_hal_gpio.o(.text.HAL_GPIO_EXTI_IRQHandler)
    HAL_GPIO_Init                            0x080020d5   Thumb Code   486  stm32f1xx_hal_gpio.o(.text.HAL_GPIO_Init)
    HAL_GPIO_ReadPin                         0x080022bd   Thumb Code    10  stm32f1xx_hal_gpio.o(.text.HAL_GPIO_ReadPin)
    HAL_GPIO_WritePin                        0x080022c9   Thumb Code    10  stm32f1xx_hal_gpio.o(.text.HAL_GPIO_WritePin)
    HAL_GetTick                              0x080022d5   Thumb Code    12  stm32f1xx_hal.o(.text.HAL_GetTick)
    HAL_I2C_Init                             0x080022e1   Thumb Code   356  stm32f1xx_hal_i2c.o(.text.HAL_I2C_Init)
    HAL_I2C_Mem_Write                        0x08002445   Thumb Code   348  stm32f1xx_hal_i2c.o(.text.HAL_I2C_Mem_Write)
    HAL_I2C_MspInit                          0x080025a1   Thumb Code   108  i2c.o(.text.HAL_I2C_MspInit)
    HAL_IncTick                              0x0800260d   Thumb Code    26  stm32f1xx_hal.o(.text.HAL_IncTick)
    HAL_Init                                 0x08002629   Thumb Code    38  stm32f1xx_hal.o(.text.HAL_Init)
    HAL_InitTick                             0x08002651   Thumb Code    72  stm32f1xx_hal.o(.text.HAL_InitTick)
    HAL_MspInit                              0x08002699   Thumb Code    66  stm32f1xx_hal_msp.o(.text.HAL_MspInit)
    HAL_NVIC_DisableIRQ                      0x080026dd   Thumb Code    42  stm32f1xx_hal_cortex.o(.text.HAL_NVIC_DisableIRQ)
    HAL_NVIC_EnableIRQ                       0x08002709   Thumb Code    34  stm32f1xx_hal_cortex.o(.text.HAL_NVIC_EnableIRQ)
    HAL_NVIC_SetPriority                     0x0800272d   Thumb Code    86  stm32f1xx_hal_cortex.o(.text.HAL_NVIC_SetPriority)
    HAL_NVIC_SetPriorityGrouping             0x08002785   Thumb Code    32  stm32f1xx_hal_cortex.o(.text.HAL_NVIC_SetPriorityGrouping)
    HAL_RCCEx_PeriphCLKConfig                0x080027a5   Thumb Code   258  stm32f1xx_hal_rcc_ex.o(.text.HAL_RCCEx_PeriphCLKConfig)
    HAL_RCC_ClockConfig                      0x080028a9   Thumb Code   442  stm32f1xx_hal_rcc.o(.text.HAL_RCC_ClockConfig)
    HAL_RCC_GetPCLK1Freq                     0x08002a65   Thumb Code    38  stm32f1xx_hal_rcc.o(.text.HAL_RCC_GetPCLK1Freq)
    HAL_RCC_GetPCLK2Freq                     0x08002a8d   Thumb Code    38  stm32f1xx_hal_rcc.o(.text.HAL_RCC_GetPCLK2Freq)
    HAL_RCC_OscConfig                        0x08002ab5   Thumb Code  1024  stm32f1xx_hal_rcc.o(.text.HAL_RCC_OscConfig)
    HAL_SPI_Init                             0x08002eb5   Thumb Code   168  stm32f1xx_hal_spi.o(.text.HAL_SPI_Init)
    HAL_SPI_MspInit                          0x08002f5d   Thumb Code   216  spi.o(.text.HAL_SPI_MspInit)
    HAL_SPI_Transmit                         0x08003035   Thumb Code   506  stm32f1xx_hal_spi.o(.text.HAL_SPI_Transmit)
    HAL_SYSTICK_Config                       0x08003231   Thumb Code    44  stm32f1xx_hal_cortex.o(.text.HAL_SYSTICK_Config)
    HAL_TIMEx_BreakCallback                  0x0800325d   Thumb Code     2  stm32f1xx_hal_tim_ex.o(.text.HAL_TIMEx_BreakCallback)
    HAL_TIMEx_CommutCallback                 0x08003261   Thumb Code     2  stm32f1xx_hal_tim_ex.o(.text.HAL_TIMEx_CommutCallback)
    HAL_TIMEx_ConfigBreakDeadTime            0x08003265   Thumb Code    76  stm32f1xx_hal_tim_ex.o(.text.HAL_TIMEx_ConfigBreakDeadTime)
    HAL_TIMEx_MasterConfigSynchronization    0x080032b1   Thumb Code   150  stm32f1xx_hal_tim_ex.o(.text.HAL_TIMEx_MasterConfigSynchronization)
    HAL_TIM_Base_Init                        0x08003349   Thumb Code    90  stm32f1xx_hal_tim.o(.text.HAL_TIM_Base_Init)
    HAL_TIM_Base_MspInit                     0x080033a5   Thumb Code   228  tim.o(.text.HAL_TIM_Base_MspInit)
    HAL_TIM_Base_Start_IT                    0x08003489   Thumb Code   134  stm32f1xx_hal_tim.o(.text.HAL_TIM_Base_Start_IT)
    HAL_TIM_Base_Stop_IT                     0x08003511   Thumb Code    60  stm32f1xx_hal_tim.o(.text.HAL_TIM_Base_Stop_IT)
    HAL_TIM_ConfigClockSource                0x0800354d   Thumb Code   416  stm32f1xx_hal_tim.o(.text.HAL_TIM_ConfigClockSource)
    HAL_TIM_Encoder_Init                     0x080036ed   Thumb Code   178  stm32f1xx_hal_tim.o(.text.HAL_TIM_Encoder_Init)
    HAL_TIM_Encoder_MspInit                  0x080037a1   Thumb Code   214  tim.o(.text.HAL_TIM_Encoder_MspInit)
    HAL_TIM_Encoder_Start                    0x08003879   Thumb Code   188  stm32f1xx_hal_tim.o(.text.HAL_TIM_Encoder_Start)
    HAL_TIM_IC_CaptureCallback               0x08003935   Thumb Code     2  stm32f1xx_hal_tim.o(.text.HAL_TIM_IC_CaptureCallback)
    HAL_TIM_IRQHandler                       0x08003939   Thumb Code   334  stm32f1xx_hal_tim.o(.text.HAL_TIM_IRQHandler)
    HAL_TIM_MspPostInit                      0x08003a89   Thumb Code   240  tim.o(.text.HAL_TIM_MspPostInit)
    HAL_TIM_OC_DelayElapsedCallback          0x08003b79   Thumb Code     2  stm32f1xx_hal_tim.o(.text.HAL_TIM_OC_DelayElapsedCallback)
    HAL_TIM_PWM_ConfigChannel                0x08003b7d   Thumb Code   604  stm32f1xx_hal_tim.o(.text.HAL_TIM_PWM_ConfigChannel)
    HAL_TIM_PWM_Init                         0x08003dd9   Thumb Code    90  stm32f1xx_hal_tim.o(.text.HAL_TIM_PWM_Init)
    HAL_TIM_PWM_MspInit                      0x08003e35   Thumb Code    48  tim.o(.text.HAL_TIM_PWM_MspInit)
    HAL_TIM_PWM_PulseFinishedCallback        0x08003e65   Thumb Code     2  stm32f1xx_hal_tim.o(.text.HAL_TIM_PWM_PulseFinishedCallback)
    HAL_TIM_PWM_Start                        0x08003e69   Thumb Code   222  stm32f1xx_hal_tim.o(.text.HAL_TIM_PWM_Start)
    HAL_TIM_PWM_Stop                         0x08003f49   Thumb Code   174  stm32f1xx_hal_tim.o(.text.HAL_TIM_PWM_Stop)
    HAL_TIM_PeriodElapsedCallback            0x08003ff9   Thumb Code   184  common.o(.text.HAL_TIM_PeriodElapsedCallback)
    HAL_TIM_TriggerCallback                  0x080040b1   Thumb Code     2  stm32f1xx_hal_tim.o(.text.HAL_TIM_TriggerCallback)
    HAL_UARTEx_RxEventCallback               0x080040b5   Thumb Code     2  stm32f1xx_hal_uart.o(.text.HAL_UARTEx_RxEventCallback)
    HAL_UART_ErrorCallback                   0x080040b9   Thumb Code     2  uart_dma.o(.text.HAL_UART_ErrorCallback)
    HAL_UART_IRQHandler                      0x080040bd   Thumb Code  1392  stm32f1xx_hal_uart.o(.text.HAL_UART_IRQHandler)
    HAL_UART_Init                            0x0800462d   Thumb Code   226  stm32f1xx_hal_uart.o(.text.HAL_UART_Init)
    HAL_UART_MspInit                         0x08004711   Thumb Code   494  usart.o(.text.HAL_UART_MspInit)
    HAL_UART_Receive_DMA                     0x08004901   Thumb Code   364  stm32f1xx_hal_uart.o(.text.HAL_UART_Receive_DMA)
    HAL_UART_Receive_IT                      0x08004a6d   Thumb Code    84  stm32f1xx_hal_uart.o(.text.HAL_UART_Receive_IT)
    HAL_UART_RxCpltCallback                  0x08004ac1   Thumb Code   196  uart_dma.o(.text.HAL_UART_RxCpltCallback)
    HAL_UART_RxHalfCpltCallback              0x08004b85   Thumb Code     2  stm32f1xx_hal_uart.o(.text.HAL_UART_RxHalfCpltCallback)
    HAL_UART_Transmit_DMA                    0x08004b89   Thumb Code   194  stm32f1xx_hal_uart.o(.text.HAL_UART_Transmit_DMA)
    HAL_UART_TxCpltCallback                  0x08004c4d   Thumb Code   126  uart_dma.o(.text.HAL_UART_TxCpltCallback)
    HAL_UART_TxHalfCpltCallback              0x08004ccd   Thumb Code     2  stm32f1xx_hal_uart.o(.text.HAL_UART_TxHalfCpltCallback)
    HardFault_Handler                        0x08004cd1   Thumb Code     2  stm32f1xx_it.o(.text.HardFault_Handler)
    LEDSHOW                                  0x080051b9   Thumb Code   342  led_show.o(.text.LEDSHOW)
    MX_ADC1_Init                             0x08005311   Thumb Code    90  adc.o(.text.MX_ADC1_Init)
    MX_DMA_Init                              0x0800536d   Thumb Code   116  dma.o(.text.MX_DMA_Init)
    MX_GPIO_Init                             0x080053e1   Thumb Code   432  gpio.o(.text.MX_GPIO_Init)
    MX_I2C2_Init                             0x08005591   Thumb Code    66  i2c.o(.text.MX_I2C2_Init)
    MX_SPI1_Init                             0x080055d5   Thumb Code    76  spi.o(.text.MX_SPI1_Init)
    MX_SPI2_Init                             0x08005621   Thumb Code    70  spi.o(.text.MX_SPI2_Init)
    MX_TIM1_Init                             0x08005669   Thumb Code   206  tim.o(.text.MX_TIM1_Init)
    MX_TIM2_Init                             0x08005739   Thumb Code   244  tim.o(.text.MX_TIM2_Init)
    MX_TIM3_Init                             0x0800582d   Thumb Code   104  tim.o(.text.MX_TIM3_Init)
    MX_TIM4_Init                             0x08005895   Thumb Code   224  tim.o(.text.MX_TIM4_Init)
    MX_TIM5_Init                             0x08005975   Thumb Code   114  tim.o(.text.MX_TIM5_Init)
    MX_TIM6_Init                             0x080059e9   Thumb Code    82  tim.o(.text.MX_TIM6_Init)
    MX_TIM7_Init                             0x08005a3d   Thumb Code    78  tim.o(.text.MX_TIM7_Init)
    MX_TIM8_Init                             0x08005a8d   Thumb Code   110  tim.o(.text.MX_TIM8_Init)
    MX_USART1_UART_Init                      0x08005afd   Thumb Code    60  usart.o(.text.MX_USART1_UART_Init)
    MX_USART3_UART_Init                      0x08005b39   Thumb Code    60  usart.o(.text.MX_USART3_UART_Init)
    MemManage_Handler                        0x08005b75   Thumb Code     2  stm32f1xx_it.o(.text.MemManage_Handler)
    Moto_Ctrl_Init                           0x08005b79   Thumb Code   156  motor_drive.o(.text.Moto_Ctrl_Init)
    MusicProcess                             0x08005c15   Thumb Code   218  music.o(.text.MusicProcess)
    Music_Menu_Off                           0x08005cf1   Thumb Code    26  music.o(.text.Music_Menu_Off)
    Music_Menu_On                            0x08005d0d   Thumb Code    26  music.o(.text.Music_Menu_On)
    NMI_Handler                              0x08005d29   Thumb Code     2  stm32f1xx_it.o(.text.NMI_Handler)
    OLED_ShowAscii                           0x08005d2d   Thumb Code   860  oled_i2c.o(.text.OLED_ShowAscii)
    OLED_clear                               0x08006089   Thumb Code   516  oled_i2c.o(.text.OLED_clear)
    OLED_init                                0x0800628d   Thumb Code   582  oled_i2c.o(.text.OLED_init)
    PendSV_Handler                           0x080064d5   Thumb Code     2  stm32f1xx_it.o(.text.PendSV_Handler)
    SVC_Handler                              0x080065f9   Thumb Code     2  stm32f1xx_it.o(.text.SVC_Handler)
    Scope_SendData                           0x080065fd   Thumb Code    76  scope.o(.text.Scope_SendData)
    Scope_SendNames                          0x08006649   Thumb Code    78  scope.o(.text.Scope_SendNames)
    Show_Unique_ID                           0x08006699   Thumb Code    48  common.o(.text.Show_Unique_ID)
    Speed_Calculate                          0x080066c9   Thumb Code    70  speed_encoder.o(.text.Speed_Calculate)
    Speed_Encoder_Init                       0x08006711   Thumb Code    44  speed_encoder.o(.text.Speed_Encoder_Init)
    Speed_Encoder_Update                     0x0800673d   Thumb Code    52  speed_encoder.o(.text.Speed_Encoder_Update)
    StartAllUartDMAReceive                   0x08006771   Thumb Code   154  uart_dma.o(.text.StartAllUartDMAReceive)
    Steer_Moto_Ctrl                          0x0800680d   Thumb Code    94  motor_drive.o(.text.Steer_Moto_Ctrl)
    Steer_Moto_Init                          0x0800686d   Thumb Code   408  motor_drive.o(.text.Steer_Moto_Init)
    SysTick_Handler                          0x08006a05   Thumb Code     4  stm32f1xx_it.o(.text.SysTick_Handler)
    SystemInit                               0x08006a09   Thumb Code     2  system_stm32f1xx.o(.text.SystemInit)
    System_Init                              0x08006a0d   Thumb Code   160  common.o(.text.System_Init)
    TIM5_IRQHandler                          0x08006b09   Thumb Code    12  stm32f1xx_it.o(.text.TIM5_IRQHandler)
    TIM6_IRQHandler                          0x08006b15   Thumb Code    12  stm32f1xx_it.o(.text.TIM6_IRQHandler)
    TIM7_IRQHandler                          0x08006b21   Thumb Code    12  stm32f1xx_it.o(.text.TIM7_IRQHandler)
    TIM_Base_SetConfig                       0x08006b2d   Thumb Code   224  stm32f1xx_hal_tim.o(.text.TIM_Base_SetConfig)
    USART1_IRQHandler                        0x080070c5   Thumb Code    24  stm32f1xx_it.o(.text.USART1_IRQHandler)
    USART3_IRQHandler                        0x080070dd   Thumb Code    24  stm32f1xx_it.o(.text.USART3_IRQHandler)
    Uart1_RxDataCallback                     0x080070f5   Thumb Code    16  uart_dma.o(.text.Uart1_RxDataCallback)
    Uart1_TxDataCallback                     0x08007105   Thumb Code     4  uart_dma.o(.text.Uart1_TxDataCallback)
    Uart3_RxDataCallback                     0x08007109   Thumb Code    16  uart_dma.o(.text.Uart3_RxDataCallback)
    Uart3_TxDataCallback                     0x08007119   Thumb Code     4  uart_dma.o(.text.Uart3_TxDataCallback)
    UartCtrl_RxDataCallback                  0x0800711d   Thumb Code   122  user_command.o(.text.UartCtrl_RxDataCallback)
    UartTxDataQueue                          0x08007199   Thumb Code   152  uart_dma.o(.text.UartTxDataQueue)
    Uart_RxIDLE_Handler                      0x08007231   Thumb Code   368  uart_dma.o(.text.Uart_RxIDLE_Handler)
    UltrasonicWave_Echo                      0x080073a1   Thumb Code   190  ultrasonicwave.o(.text.UltrasonicWave_Echo)
    UltrasonicWave_Init                      0x08007461   Thumb Code    78  ultrasonicwave.o(.text.UltrasonicWave_Init)
    UltrasonicWave_Menu                      0x080074b1   Thumb Code    20  ultrasonicwave.o(.text.UltrasonicWave_Menu)
    UltrasonicWave_Process                   0x080074c5   Thumb Code   350  ultrasonicwave.o(.text.UltrasonicWave_Process)
    UltrasonicWave_ShowDistance              0x08007625   Thumb Code   184  ultrasonicwave.o(.text.UltrasonicWave_ShowDistance)
    UsageFault_Handler                       0x080076dd   Thumb Code     2  stm32f1xx_it.o(.text.UsageFault_Handler)
    UserCmdParse                             0x080076e1   Thumb Code   816  user_command.o(.text.UserCmdParse)
    UserCtrlCmdCallback                      0x08007a11   Thumb Code    32  user_command.o(.text.UserCtrlCmdCallback)
    UserLEDShowProcess                       0x08007a3d   Thumb Code   370  led_show.o(.text.UserLEDShowProcess)
    UserLED_Init                             0x08007bb1   Thumb Code    36  led_show.o(.text.UserLED_Init)
    UserLED_Show_Menu                        0x08007bd5   Thumb Code    80  led_show.o(.text.UserLED_Show_Menu)
    UserTasks                                0x08007c25   Thumb Code    34  common.o(.text.UserTasks)
    fputc                                    0x08007c49   Thumb Code    64  common.o(.text.fputc)
    main                                     0x08007c89   Thumb Code   210  main.o(.text.main)
    __0printf                                0x08007d5d   Thumb Code    22  printfa.o(i.__0printf)
    __1printf                                0x08007d5d   Thumb Code     0  printfa.o(i.__0printf)
    __2printf                                0x08007d5d   Thumb Code     0  printfa.o(i.__0printf)
    __c89printf                              0x08007d5d   Thumb Code     0  printfa.o(i.__0printf)
    printf                                   0x08007d5d   Thumb Code     0  printfa.o(i.__0printf)
    __0sprintf                               0x08007d7d   Thumb Code    34  printfa.o(i.__0sprintf)
    __1sprintf                               0x08007d7d   Thumb Code     0  printfa.o(i.__0sprintf)
    __2sprintf                               0x08007d7d   Thumb Code     0  printfa.o(i.__0sprintf)
    __c89sprintf                             0x08007d7d   Thumb Code     0  printfa.o(i.__0sprintf)
    sprintf                                  0x08007d7d   Thumb Code     0  printfa.o(i.__0sprintf)
    __scatterload_copy                       0x08007da5   Thumb Code    14  handlers.o(i.__scatterload_copy)
    __scatterload_null                       0x08007db3   Thumb Code     2  handlers.o(i.__scatterload_null)
    __scatterload_zeroinit                   0x08007db5   Thumb Code    14  handlers.o(i.__scatterload_zeroinit)
    puts                                     0x08008681   Thumb Code    30  puts.o(i.puts)
    AHBPrescTable                            0x080086a4   Data          16  system_stm32f1xx.o(.rodata.AHBPrescTable)
    APBPrescTable                            0x080086b4   Data           8  system_stm32f1xx.o(.rodata.APBPrescTable)
    ASCII                                    0x080086bc   Data        1520  oled_i2c.o(.rodata.ASCII)
    g_ShowData                               0x08008cbe   Data         144  led_show.o(.rodata.g_ShowData)
    g_menu                                   0x08008d50   Data         672  ctrl_menu.o(.rodata.g_menu)
    g_music_freq                             0x08008ff0   Data          88  music.o(.rodata.g_music_freq)
    g_music_note                             0x08009048   Data         200  music.o(.rodata.g_music_note)
    g_music_tone                             0x08009110   Data         200  music.o(.rodata.g_music_tone)
    g_uart_port_map                          0x080091d8   Data         288  uart_dma.o(.rodata.g_uart_port_map)
    Region$$Table$$Base                      0x08009310   Number         0  anon$$obj.o(Region$$Table)
    Region$$Table$$Limit                     0x08009330   Number         0  anon$$obj.o(Region$$Table)
    __stdout                                 0x20000000   Data           4  stdout.o(.data)
    g_drive_moto                             0x20000004   Data          32  motor_drive.o(.data..L_MergedGlobals)
    g_steer_moto                             0x20000024   Data          32  motor_drive.o(.data..L_MergedGlobals)
    g_music_beep                             0x20000044   Data           4  music.o(.data..L_MergedGlobals)
    g_music_time                             0x20000048   Data           4  music.o(.data..L_MergedGlobals)
    g_ultra_wave_timer                       0x2000004c   Data           4  ultrasonicwave.o(.data..L_MergedGlobals)
    g_ultrawave_data                         0x20000050   Data          48  ultrasonicwave.o(.data..L_MergedGlobals)
    g_led_show_spi                           0x20000080   Data           4  led_show.o(.data..L_MergedGlobals)
    g_LED_CAT_RAM                            0x20000084   Data           6  led_show.o(.data..L_MergedGlobals)
    g_LED_MAP                                0x2000008a   Data          12  led_show.o(.data..L_MergedGlobals)
    g_LED_Show_RAM                           0x20000096   Data          24  led_show.o(.data..L_MergedGlobals)
    uwTickFreq                               0x200000b0   Data           1  stm32f1xx_hal.o(.data..L_MergedGlobals)
    uwTickPrio                               0x200000b4   Data           4  stm32f1xx_hal.o(.data..L_MergedGlobals)
    SystemCoreClock                          0x200000b8   Data           4  system_stm32f1xx.o(.data.SystemCoreClock)
    g_CarConfig                              0x200000bc   Data          12  car_control.o(.data.g_CarConfig)
    g_CarCtrlCmd                             0x200000c8   Data          44  user_command.o(.data.g_CarCtrlCmd)
    g_CarPlan_Base                           0x200000f4   Data         128  car_control.o(.data.g_CarPlan_Base)
    g_CarPlan_Supper                         0x20000174   Data         224  car_control.o(.data.g_CarPlan_Supper)
    g_OLED_i2c                               0x20000254   Data           4  oled_i2c.o(.data.g_OLED_i2c)
    g_ledshow_time                           0x20000258   Data           4  led_show.o(.data.g_ledshow_time)
    g_menu_size                              0x2000025c   Data           1  ctrl_menu.o(.data.g_menu_size)
    g_speed_encoder                          0x20000260   Data          24  speed_encoder.o(.data.g_speed_encoder)
    g_sys_timer                              0x20000278   Data           4  common.o(.data.g_sys_timer)
    g_car_ctrl_state                         0x20000280   Data           1  car_control.o(.bss..L_MergedGlobals)
    g_CarPlan_Ptr                            0x20000284   Data           4  car_control.o(.bss..L_MergedGlobals)
    g_CarCtrl                                0x200002ac   Data          14  car_control.o(.bss..L_MergedGlobals)
    g_cur_level                              0x200002ba   Data           1  ctrl_menu.o(.bss..L_MergedGlobals)
    g_cur_parent                             0x200002bb   Data           1  ctrl_menu.o(.bss..L_MergedGlobals)
    g_cur_index                              0x200002bc   Data           1  ctrl_menu.o(.bss..L_MergedGlobals)
    g_cur_level_item                         0x200002bd   Data           1  ctrl_menu.o(.bss..L_MergedGlobals)
    g_menu_index                             0x200002be   Data           1  ctrl_menu.o(.bss..L_MergedGlobals)
    g_btn0_flag                              0x200002bf   Data           1  ctrl_menu.o(.bss..L_MergedGlobals)
    g_btn1_flag                              0x200002c0   Data           1  ctrl_menu.o(.bss..L_MergedGlobals)
    g_cmd_buf                                0x200002c3   Data          64  user_command.o(.bss..L_MergedGlobals)
    g_music_mode                             0x20000304   Data           1  music.o(.bss..L_MergedGlobals.1)
    g_music_state                            0x20000305   Data           1  music.o(.bss..L_MergedGlobals.1)
    g_music_running                          0x20000306   Data           1  music.o(.bss..L_MergedGlobals.1)
    g_music_timer_set                        0x20000308   Data           2  music.o(.bss..L_MergedGlobals.1)
    g_music_index                            0x2000030a   Data           2  music.o(.bss..L_MergedGlobals.1)
    g_LED_Show_state                         0x2000030c   Data           1  led_show.o(.bss..L_MergedGlobals.1)
    g_LED_key_down                           0x2000030d   Data           1  led_show.o(.bss..L_MergedGlobals.1)
    g_ultrawave_state                        0x20000310   Data           1  ultrasonicwave.o(.bss..L_MergedGlobals.2)
    g_ultrawave_pos                          0x20000311   Data           1  ultrasonicwave.o(.bss..L_MergedGlobals.2)
    g_device_uid                             0x20000399   Data          25  common.o(.bss.g_device_uid)
    g_speed_encoder_state                    0x200003b2   Data           1  speed_encoder.o(.bss.g_speed_encoder_state)
    g_uart_buf                               0x200003b4   Data        1168  uart_dma.o(.bss.g_uart_buf)
    hadc1                                    0x20000844   Data          48  adc.o(.bss.hadc1)
    hdma_adc1                                0x20000874   Data          68  adc.o(.bss.hdma_adc1)
    hdma_usart1_rx                           0x200008b8   Data          68  usart.o(.bss.hdma_usart1_rx)
    hdma_usart1_tx                           0x200008fc   Data          68  usart.o(.bss.hdma_usart1_tx)
    hdma_usart3_rx                           0x20000940   Data          68  usart.o(.bss.hdma_usart3_rx)
    hdma_usart3_tx                           0x20000984   Data          68  usart.o(.bss.hdma_usart3_tx)
    hi2c2                                    0x200009c8   Data          84  i2c.o(.bss.hi2c2)
    hspi1                                    0x20000a1c   Data          88  spi.o(.bss.hspi1)
    hspi2                                    0x20000a74   Data          88  spi.o(.bss.hspi2)
    htim1                                    0x20000acc   Data          72  tim.o(.bss.htim1)
    htim2                                    0x20000b14   Data          72  tim.o(.bss.htim2)
    htim3                                    0x20000b5c   Data          72  tim.o(.bss.htim3)
    htim4                                    0x20000ba4   Data          72  tim.o(.bss.htim4)
    htim5                                    0x20000bec   Data          72  tim.o(.bss.htim5)
    htim6                                    0x20000c34   Data          72  tim.o(.bss.htim6)
    htim7                                    0x20000c7c   Data          72  tim.o(.bss.htim7)
    htim8                                    0x20000cc4   Data          72  tim.o(.bss.htim8)
    huart1                                   0x20000d0c   Data          72  usart.o(.bss.huart1)
    huart3                                   0x20000d54   Data          72  usart.o(.bss.huart3)
    uwTick                                   0x20000d9c   Data           4  stm32f1xx_hal.o(.bss.uwTick)
    __initial_sp                             0x200011a0   Data           0  startup_stm32f103xe.o(STACK)



==============================================================================

Memory Map of the image

  Image Entry point : 0x08000131

  Load Region LR_IROM1 (Base: 0x08000000, Size: 0x000095b0, Max: 0x00040000, ABSOLUTE, COMPRESSED[0x00009410])

    Execution Region ER_IROM1 (Exec base: 0x08000000, Load base: 0x08000000, Size: 0x00009330, Max: 0x00040000, ABSOLUTE)

    Exec Addr    Load Addr    Size         Type   Attr      Idx    E Section Name        Object

    0x08000000   0x08000000   0x00000130   Data   RO            3    RESET               startup_stm32f103xe.o
    0x08000130   0x08000130   0x00000000   Code   RO         1711  * .ARM.Collect$$$$00000000  mc_w.l(entry.o)
    0x08000130   0x08000130   0x00000004   Code   RO         2005    .ARM.Collect$$$$00000001  mc_w.l(entry2.o)
    0x08000134   0x08000134   0x00000004   Code   RO         2008    .ARM.Collect$$$$00000004  mc_w.l(entry5.o)
    0x08000138   0x08000138   0x00000000   Code   RO         2010    .ARM.Collect$$$$00000008  mc_w.l(entry7b.o)
    0x08000138   0x08000138   0x00000000   Code   RO         2012    .ARM.Collect$$$$0000000A  mc_w.l(entry8b.o)
    0x08000138   0x08000138   0x00000008   Code   RO         2013    .ARM.Collect$$$$0000000B  mc_w.l(entry9a.o)
    0x08000140   0x08000140   0x00000000   Code   RO         2015    .ARM.Collect$$$$0000000D  mc_w.l(entry10a.o)
    0x08000140   0x08000140   0x00000000   Code   RO         2017    .ARM.Collect$$$$0000000F  mc_w.l(entry11a.o)
    0x08000140   0x08000140   0x00000004   Code   RO         2006    .ARM.Collect$$$$00002712  mc_w.l(entry2.o)
    0x08000144   0x08000144   0x00000024   Code   RO            4    .text               startup_stm32f103xe.o
    0x08000168   0x08000168   0x00000024   Code   RO         1718    .text               mc_w.l(memcpya.o)
    0x0800018c   0x0800018c   0x0000000e   Code   RO         1722    .text               mc_w.l(strlen.o)
    0x0800019a   0x0800019a   0x0000002a   Code   RO         1726    .text               mc_w.l(strcasecmp.o)
    0x080001c4   0x080001c4   0x00000032   Code   RO         1728    .text               mc_w.l(strncasecmp.o)
    0x080001f6   0x080001f6   0x000000b0   Code   RO         1991    .text               mf_w.l(fadd.o)
    0x080002a6   0x080002a6   0x00000064   Code   RO         1993    .text               mf_w.l(fmul.o)
    0x0800030a   0x0800030a   0x000000de   Code   RO         1997    .text               mf_w.l(ddiv.o)
    0x080003e8   0x080003e8   0x00000012   Code   RO         1999    .text               mf_w.l(fflti.o)
    0x080003fa   0x080003fa   0x0000001a   Code   RO         2001    .text               mf_w.l(dfltui.o)
    0x08000414   0x08000414   0x00000032   Code   RO         2003    .text               mf_w.l(ffixi.o)
    0x08000446   0x08000446   0x0000002c   Code   RO         2029    .text               mc_w.l(uidiv.o)
    0x08000472   0x08000472   0x00000062   Code   RO         2031    .text               mc_w.l(uldiv.o)
    0x080004d4   0x080004d4   0x0000000c   Code   RO         2033    .text               mc_w.l(tolower.o)
    0x080004e0   0x080004e0   0x00000000   Code   RO         2035    .text               mc_w.l(iusefp.o)
    0x080004e0   0x080004e0   0x0000006e   Code   RO         2036    .text               mf_w.l(fepilogue.o)
    0x0800054e   0x0800054e   0x000000ba   Code   RO         2038    .text               mf_w.l(depilogue.o)
    0x08000608   0x08000608   0x0000014e   Code   RO         2040    .text               mf_w.l(dadd.o)
    0x08000756   0x08000756   0x000000e4   Code   RO         2042    .text               mf_w.l(dmul.o)
    0x0800083a   0x0800083a   0x00000030   Code   RO         2044    .text               mf_w.l(dfixul.o)
    0x0800086a   0x0800086a   0x00000002   PAD
    0x0800086c   0x0800086c   0x00000030   Code   RO         2046    .text               mf_w.l(cdrcmple.o)
    0x0800089c   0x0800089c   0x00000030   Code   RO         2048    .text               mc_w.l(init.o)
    0x080008cc   0x080008cc   0x0000001e   Code   RO         2050    .text               mc_w.l(llshl.o)
    0x080008ea   0x080008ea   0x00000020   Code   RO         2052    .text               mc_w.l(llushr.o)
    0x0800090a   0x0800090a   0x00000024   Code   RO         2054    .text               mc_w.l(llsshr.o)
    0x0800092e   0x0800092e   0x00000056   Code   RO         2064    .text               mc_w.l(__dczerorl2.o)
    0x08000984   0x08000984   0x0000000c   Code   RO          518    .text.ADC1_2_IRQHandler  stm32f1xx_it.o
    0x08000990   0x08000990   0x00000002   Code   RO          490    .text.BusFault_Handler  stm32f1xx_it.o
    0x08000992   0x08000992   0x00000002   PAD
    0x08000994   0x08000994   0x00000026   Code   RO          208    .text.CarCtrl_Backward  car_control.o
    0x080009ba   0x080009ba   0x00000002   PAD
    0x080009bc   0x080009bc   0x00000026   Code   RO          206    .text.CarCtrl_Forward  car_control.o
    0x080009e2   0x080009e2   0x00000002   PAD
    0x080009e4   0x080009e4   0x0000001e   Code   RO          216    .text.CarCtrl_Init  car_control.o
    0x08000a02   0x08000a02   0x00000002   PAD
    0x08000a04   0x08000a04   0x0000001c   Code   RO          214    .text.CarCtrl_Left  car_control.o
    0x08000a20   0x08000a20   0x00000082   Code   RO          220    .text.CarCtrl_PlanSet  car_control.o
    0x08000aa2   0x08000aa2   0x00000002   PAD
    0x08000aa4   0x08000aa4   0x0000005a   Code   RO          224    .text.CarCtrl_Process  car_control.o
    0x08000afe   0x08000afe   0x00000002   PAD
    0x08000b00   0x08000b00   0x00000020   Code   RO          212    .text.CarCtrl_Right  car_control.o
    0x08000b20   0x08000b20   0x00000016   Code   RO          202    .text.CarCtrl_SpeedDown  car_control.o
    0x08000b36   0x08000b36   0x00000002   PAD
    0x08000b38   0x08000b38   0x00000016   Code   RO          200    .text.CarCtrl_SpeedUp  car_control.o
    0x08000b4e   0x08000b4e   0x00000002   PAD
    0x08000b50   0x08000b50   0x00000104   Code   RO          218    .text.CarCtrl_Speed_PID  car_control.o
    0x08000c54   0x08000c54   0x0000000e   Code   RO          194    .text.CarCtrl_Start  car_control.o
    0x08000c62   0x08000c62   0x00000002   PAD
    0x08000c64   0x08000c64   0x00000010   Code   RO          198    .text.CarCtrl_Stop  car_control.o
    0x08000c74   0x08000c74   0x00000014   Code   RO          210    .text.CarCtrl_Straight  car_control.o
    0x08000c88   0x08000c88   0x00000018   Code   RO          196    .text.CarCtrl_SuperStart  car_control.o
    0x08000ca0   0x08000ca0   0x000000be   Code   RO          180    .text.CheckUartRxData  uart_dma.o
    0x08000d5e   0x08000d5e   0x00000002   PAD
    0x08000d60   0x08000d60   0x000000ae   Code   RO          182    .text.CheckUartTxData  uart_dma.o
    0x08000e0e   0x08000e0e   0x00000002   PAD
    0x08000e10   0x08000e10   0x00000154   Code   RO          241    .text.Ctrl_Menu_Init  ctrl_menu.o
    0x08000f64   0x08000f64   0x000001b0   Code   RO          247    .text.Ctrl_Menu_Process  ctrl_menu.o
    0x08001114   0x08001114   0x00000160   Code   RO          239    .text.Ctrl_Menu_Return  ctrl_menu.o
    0x08001274   0x08001274   0x000000e6   Code   RO          245    .text.Ctrl_Menu_Show  ctrl_menu.o
    0x0800135a   0x0800135a   0x00000002   PAD
    0x0800135c   0x0800135c   0x0000000c   Code   RO          508    .text.DMA1_Channel1_IRQHandler  stm32f1xx_it.o
    0x08001368   0x08001368   0x0000000c   Code   RO          510    .text.DMA1_Channel2_IRQHandler  stm32f1xx_it.o
    0x08001374   0x08001374   0x0000000c   Code   RO          512    .text.DMA1_Channel3_IRQHandler  stm32f1xx_it.o
    0x08001380   0x08001380   0x0000000c   Code   RO          514    .text.DMA1_Channel4_IRQHandler  stm32f1xx_it.o
    0x0800138c   0x0800138c   0x0000000c   Code   RO          516    .text.DMA1_Channel5_IRQHandler  stm32f1xx_it.o
    0x08001398   0x08001398   0x00000002   Code   RO          496    .text.DebugMon_Handler  stm32f1xx_it.o
    0x0800139a   0x0800139a   0x00000002   PAD
    0x0800139c   0x0800139c   0x000000a0   Code   RO           45    .text.Drive_Moto_Ctrl  motor_drive.o
    0x0800143c   0x0800143c   0x0000026c   Code   RO           39    .text.Drive_Moto_Init  motor_drive.o
    0x080016a8   0x080016a8   0x00000008   Code   RO          526    .text.EXTI15_10_IRQHandler  stm32f1xx_it.o
    0x080016b0   0x080016b0   0x00000006   Code   RO          502    .text.EXTI1_IRQHandler  stm32f1xx_it.o
    0x080016b6   0x080016b6   0x00000002   PAD
    0x080016b8   0x080016b8   0x00000006   Code   RO          504    .text.EXTI2_IRQHandler  stm32f1xx_it.o
    0x080016be   0x080016be   0x00000002   PAD
    0x080016c0   0x080016c0   0x00000006   Code   RO          506    .text.EXTI3_IRQHandler  stm32f1xx_it.o
    0x080016c6   0x080016c6   0x00000002   PAD
    0x080016c8   0x080016c8   0x00000006   Code   RO          520    .text.EXTI9_5_IRQHandler  stm32f1xx_it.o
    0x080016ce   0x080016ce   0x00000002   PAD
    0x080016d0   0x080016d0   0x0000000a   Code   RO          338    .text.Error_Handler  main.o
    0x080016da   0x080016da   0x00000002   PAD
    0x080016dc   0x080016dc   0x00000002   Code   RO          659    .text.HAL_ADCEx_InjectedConvCpltCallback  stm32f1xx_hal_adc_ex.o
    0x080016de   0x080016de   0x00000002   PAD
    0x080016e0   0x080016e0   0x0000013e   Code   RO          623    .text.HAL_ADC_ConfigChannel  stm32f1xx_hal_adc.o
    0x0800181e   0x0800181e   0x00000002   PAD
    0x08001820   0x08001820   0x00000002   Code   RO          615    .text.HAL_ADC_ConvCpltCallback  stm32f1xx_hal_adc.o
    0x08001822   0x08001822   0x00000002   PAD
    0x08001824   0x08001824   0x000000ee   Code   RO          613    .text.HAL_ADC_IRQHandler  stm32f1xx_hal_adc.o
    0x08001912   0x08001912   0x00000002   PAD
    0x08001914   0x08001914   0x0000016c   Code   RO          577    .text.HAL_ADC_Init  stm32f1xx_hal_adc.o
    0x08001a80   0x08001a80   0x00000002   Code   RO          617    .text.HAL_ADC_LevelOutOfWindowCallback  stm32f1xx_hal_adc.o
    0x08001a82   0x08001a82   0x00000002   PAD
    0x08001a84   0x08001a84   0x000000b0   Code   RO          360    .text.HAL_ADC_MspInit  adc.o
    0x08001b34   0x08001b34   0x00000046   Code   RO          817    .text.HAL_DMA_Abort  stm32f1xx_hal_dma.o
    0x08001b7a   0x08001b7a   0x00000002   PAD
    0x08001b7c   0x08001b7c   0x00000130   Code   RO          819    .text.HAL_DMA_Abort_IT  stm32f1xx_hal_dma.o
    0x08001cac   0x08001cac   0x0000028e   Code   RO          823    .text.HAL_DMA_IRQHandler  stm32f1xx_hal_dma.o
    0x08001f3a   0x08001f3a   0x00000002   PAD
    0x08001f3c   0x08001f3c   0x0000009c   Code   RO          809    .text.HAL_DMA_Init  stm32f1xx_hal_dma.o
    0x08001fd8   0x08001fd8   0x000000a0   Code   RO          815    .text.HAL_DMA_Start_IT  stm32f1xx_hal_dma.o
    0x08002078   0x08002078   0x00000042   Code   RO           15    .text.HAL_GPIO_EXTI_Callback  common.o
    0x080020ba   0x080020ba   0x00000002   PAD
    0x080020bc   0x080020bc   0x00000016   Code   RO          797    .text.HAL_GPIO_EXTI_IRQHandler  stm32f1xx_hal_gpio.o
    0x080020d2   0x080020d2   0x00000002   PAD
    0x080020d4   0x080020d4   0x000001e6   Code   RO          785    .text.HAL_GPIO_Init  stm32f1xx_hal_gpio.o
    0x080022ba   0x080022ba   0x00000002   PAD
    0x080022bc   0x080022bc   0x0000000a   Code   RO          789    .text.HAL_GPIO_ReadPin  stm32f1xx_hal_gpio.o
    0x080022c6   0x080022c6   0x00000002   PAD
    0x080022c8   0x080022c8   0x0000000a   Code   RO          791    .text.HAL_GPIO_WritePin  stm32f1xx_hal_gpio.o
    0x080022d2   0x080022d2   0x00000002   PAD
    0x080022d4   0x080022d4   0x0000000c   Code   RO          685    .text.HAL_GetTick   stm32f1xx_hal.o
    0x080022e0   0x080022e0   0x00000164   Code   RO         1006    .text.HAL_I2C_Init  stm32f1xx_hal_i2c.o
    0x08002444   0x08002444   0x0000015c   Code   RO         1050    .text.HAL_I2C_Mem_Write  stm32f1xx_hal_i2c.o
    0x080025a0   0x080025a0   0x0000006c   Code   RO          385    .text.HAL_I2C_MspInit  i2c.o
    0x0800260c   0x0800260c   0x0000001a   Code   RO          683    .text.HAL_IncTick   stm32f1xx_hal.o
    0x08002626   0x08002626   0x00000002   PAD
    0x08002628   0x08002628   0x00000026   Code   RO          673    .text.HAL_Init      stm32f1xx_hal.o
    0x0800264e   0x0800264e   0x00000002   PAD
    0x08002650   0x08002650   0x00000048   Code   RO          675    .text.HAL_InitTick  stm32f1xx_hal.o
    0x08002698   0x08002698   0x00000042   Code   RO          541    .text.HAL_MspInit   stm32f1xx_hal_msp.o
    0x080026da   0x080026da   0x00000002   PAD
    0x080026dc   0x080026dc   0x0000002a   Code   RO          847    .text.HAL_NVIC_DisableIRQ  stm32f1xx_hal_cortex.o
    0x08002706   0x08002706   0x00000002   PAD
    0x08002708   0x08002708   0x00000022   Code   RO          845    .text.HAL_NVIC_EnableIRQ  stm32f1xx_hal_cortex.o
    0x0800272a   0x0800272a   0x00000002   PAD
    0x0800272c   0x0800272c   0x00000056   Code   RO          843    .text.HAL_NVIC_SetPriority  stm32f1xx_hal_cortex.o
    0x08002782   0x08002782   0x00000002   PAD
    0x08002784   0x08002784   0x00000020   Code   RO          841    .text.HAL_NVIC_SetPriorityGrouping  stm32f1xx_hal_cortex.o
    0x080027a4   0x080027a4   0x00000102   Code   RO          771    .text.HAL_RCCEx_PeriphCLKConfig  stm32f1xx_hal_rcc_ex.o
    0x080028a6   0x080028a6   0x00000002   PAD
    0x080028a8   0x080028a8   0x000001ba   Code   RO          737    .text.HAL_RCC_ClockConfig  stm32f1xx_hal_rcc.o
    0x08002a62   0x08002a62   0x00000002   PAD
    0x08002a64   0x08002a64   0x00000026   Code   RO          749    .text.HAL_RCC_GetPCLK1Freq  stm32f1xx_hal_rcc.o
    0x08002a8a   0x08002a8a   0x00000002   PAD
    0x08002a8c   0x08002a8c   0x00000026   Code   RO          751    .text.HAL_RCC_GetPCLK2Freq  stm32f1xx_hal_rcc.o
    0x08002ab2   0x08002ab2   0x00000002   PAD
    0x08002ab4   0x08002ab4   0x00000400   Code   RO          735    .text.HAL_RCC_OscConfig  stm32f1xx_hal_rcc.o
    0x08002eb4   0x08002eb4   0x000000a8   Code   RO         1144    .text.HAL_SPI_Init  stm32f1xx_hal_spi.o
    0x08002f5c   0x08002f5c   0x000000d8   Code   RO          402    .text.HAL_SPI_MspInit  spi.o
    0x08003034   0x08003034   0x000001fa   Code   RO         1152    .text.HAL_SPI_Transmit  stm32f1xx_hal_spi.o
    0x0800322e   0x0800322e   0x00000002   PAD
    0x08003230   0x08003230   0x0000002c   Code   RO          853    .text.HAL_SYSTICK_Config  stm32f1xx_hal_cortex.o
    0x0800325c   0x0800325c   0x00000002   Code   RO         1563    .text.HAL_TIMEx_BreakCallback  stm32f1xx_hal_tim_ex.o
    0x0800325e   0x0800325e   0x00000002   PAD
    0x08003260   0x08003260   0x00000002   Code   RO         1559    .text.HAL_TIMEx_CommutCallback  stm32f1xx_hal_tim_ex.o
    0x08003262   0x08003262   0x00000002   PAD
    0x08003264   0x08003264   0x0000004c   Code   RO         1555    .text.HAL_TIMEx_ConfigBreakDeadTime  stm32f1xx_hal_tim_ex.o
    0x080032b0   0x080032b0   0x00000096   Code   RO         1553    .text.HAL_TIMEx_MasterConfigSynchronization  stm32f1xx_hal_tim_ex.o
    0x08003346   0x08003346   0x00000002   PAD
    0x08003348   0x08003348   0x0000005a   Code   RO         1258    .text.HAL_TIM_Base_Init  stm32f1xx_hal_tim.o
    0x080033a2   0x080033a2   0x00000002   PAD
    0x080033a4   0x080033a4   0x000000e4   Code   RO          436    .text.HAL_TIM_Base_MspInit  tim.o
    0x08003488   0x08003488   0x00000086   Code   RO         1272    .text.HAL_TIM_Base_Start_IT  stm32f1xx_hal_tim.o
    0x0800350e   0x0800350e   0x00000002   PAD
    0x08003510   0x08003510   0x0000003c   Code   RO         1274    .text.HAL_TIM_Base_Stop_IT  stm32f1xx_hal_tim.o
    0x0800354c   0x0800354c   0x000001a0   Code   RO         1438    .text.HAL_TIM_ConfigClockSource  stm32f1xx_hal_tim.o
    0x080036ec   0x080036ec   0x000000b2   Code   RO         1372    .text.HAL_TIM_Encoder_Init  stm32f1xx_hal_tim.o
    0x0800379e   0x0800379e   0x00000002   PAD
    0x080037a0   0x080037a0   0x000000d6   Code   RO          438    .text.HAL_TIM_Encoder_MspInit  tim.o
    0x08003876   0x08003876   0x00000002   PAD
    0x08003878   0x08003878   0x000000bc   Code   RO         1380    .text.HAL_TIM_Encoder_Start  stm32f1xx_hal_tim.o
    0x08003934   0x08003934   0x00000002   Code   RO         1394    .text.HAL_TIM_IC_CaptureCallback  stm32f1xx_hal_tim.o
    0x08003936   0x08003936   0x00000002   PAD
    0x08003938   0x08003938   0x0000014e   Code   RO         1392    .text.HAL_TIM_IRQHandler  stm32f1xx_hal_tim.o
    0x08003a86   0x08003a86   0x00000002   PAD
    0x08003a88   0x08003a88   0x000000f0   Code   RO          418    .text.HAL_TIM_MspPostInit  tim.o
    0x08003b78   0x08003b78   0x00000002   Code   RO         1396    .text.HAL_TIM_OC_DelayElapsedCallback  stm32f1xx_hal_tim.o
    0x08003b7a   0x08003b7a   0x00000002   PAD
    0x08003b7c   0x08003b7c   0x0000025c   Code   RO         1412    .text.HAL_TIM_PWM_ConfigChannel  stm32f1xx_hal_tim.o
    0x08003dd8   0x08003dd8   0x0000005a   Code   RO         1312    .text.HAL_TIM_PWM_Init  stm32f1xx_hal_tim.o
    0x08003e32   0x08003e32   0x00000002   PAD
    0x08003e34   0x08003e34   0x00000030   Code   RO          434    .text.HAL_TIM_PWM_MspInit  tim.o
    0x08003e64   0x08003e64   0x00000002   Code   RO         1398    .text.HAL_TIM_PWM_PulseFinishedCallback  stm32f1xx_hal_tim.o
    0x08003e66   0x08003e66   0x00000002   PAD
    0x08003e68   0x08003e68   0x000000de   Code   RO         1320    .text.HAL_TIM_PWM_Start  stm32f1xx_hal_tim.o
    0x08003f46   0x08003f46   0x00000002   PAD
    0x08003f48   0x08003f48   0x000000ae   Code   RO         1322    .text.HAL_TIM_PWM_Stop  stm32f1xx_hal_tim.o
    0x08003ff6   0x08003ff6   0x00000002   PAD
    0x08003ff8   0x08003ff8   0x000000b8   Code   RO           13    .text.HAL_TIM_PeriodElapsedCallback  common.o
    0x080040b0   0x080040b0   0x00000002   Code   RO         1402    .text.HAL_TIM_TriggerCallback  stm32f1xx_hal_tim.o
    0x080040b2   0x080040b2   0x00000002   PAD
    0x080040b4   0x080040b4   0x00000002   Code   RO         1661    .text.HAL_UARTEx_RxEventCallback  stm32f1xx_hal_uart.o
    0x080040b6   0x080040b6   0x00000002   PAD
    0x080040b8   0x080040b8   0x00000002   Code   RO          162    .text.HAL_UART_ErrorCallback  uart_dma.o
    0x080040ba   0x080040ba   0x00000002   PAD
    0x080040bc   0x080040bc   0x00000570   Code   RO         1653    .text.HAL_UART_IRQHandler  stm32f1xx_hal_uart.o
    0x0800462c   0x0800462c   0x000000e2   Code   RO         1577    .text.HAL_UART_Init  stm32f1xx_hal_uart.o
    0x0800470e   0x0800470e   0x00000002   PAD
    0x08004710   0x08004710   0x000001ee   Code   RO          466    .text.HAL_UART_MspInit  usart.o
    0x080048fe   0x080048fe   0x00000002   PAD
    0x08004900   0x08004900   0x0000016c   Code   RO         1609    .text.HAL_UART_Receive_DMA  stm32f1xx_hal_uart.o
    0x08004a6c   0x08004a6c   0x00000054   Code   RO         1597    .text.HAL_UART_Receive_IT  stm32f1xx_hal_uart.o
    0x08004ac0   0x08004ac0   0x000000c4   Code   RO          164    .text.HAL_UART_RxCpltCallback  uart_dma.o
    0x08004b84   0x08004b84   0x00000002   Code   RO         1669    .text.HAL_UART_RxHalfCpltCallback  stm32f1xx_hal_uart.o
    0x08004b86   0x08004b86   0x00000002   PAD
    0x08004b88   0x08004b88   0x000000c2   Code   RO         1601    .text.HAL_UART_Transmit_DMA  stm32f1xx_hal_uart.o
    0x08004c4a   0x08004c4a   0x00000002   PAD
    0x08004c4c   0x08004c4c   0x0000007e   Code   RO          166    .text.HAL_UART_TxCpltCallback  uart_dma.o
    0x08004cca   0x08004cca   0x00000002   PAD
    0x08004ccc   0x08004ccc   0x00000002   Code   RO         1665    .text.HAL_UART_TxHalfCpltCallback  stm32f1xx_hal_uart.o
    0x08004cce   0x08004cce   0x00000002   PAD
    0x08004cd0   0x08004cd0   0x00000002   Code   RO          486    .text.HardFault_Handler  stm32f1xx_it.o
    0x08004cd2   0x08004cd2   0x00000002   PAD
    0x08004cd4   0x08004cd4   0x000000c8   Code   RO         1052    .text.I2C_RequestMemoryWrite  stm32f1xx_hal_i2c.o
    0x08004d9c   0x08004d9c   0x000000ba   Code   RO         1020    .text.I2C_WaitOnBTFFlagUntilTimeout  stm32f1xx_hal_i2c.o
    0x08004e56   0x08004e56   0x00000002   PAD
    0x08004e58   0x08004e58   0x000001ca   Code   RO         1016    .text.I2C_WaitOnFlagUntilTimeout  stm32f1xx_hal_i2c.o
    0x08005022   0x08005022   0x00000002   PAD
    0x08005024   0x08005024   0x000000d6   Code   RO         1134    .text.I2C_WaitOnMasterAddressFlagUntilTimeout  stm32f1xx_hal_i2c.o
    0x080050fa   0x080050fa   0x00000002   PAD
    0x080050fc   0x080050fc   0x000000ba   Code   RO         1018    .text.I2C_WaitOnTXEFlagUntilTimeout  stm32f1xx_hal_i2c.o
    0x080051b6   0x080051b6   0x00000002   PAD
    0x080051b8   0x080051b8   0x00000156   Code   RO          286    .text.LEDSHOW       led_show.o
    0x0800530e   0x0800530e   0x00000002   PAD
    0x08005310   0x08005310   0x0000005a   Code   RO          358    .text.MX_ADC1_Init  adc.o
    0x0800536a   0x0800536a   0x00000002   PAD
    0x0800536c   0x0800536c   0x00000074   Code   RO          374    .text.MX_DMA_Init   dma.o
    0x080053e0   0x080053e0   0x000001b0   Code   RO          349    .text.MX_GPIO_Init  gpio.o
    0x08005590   0x08005590   0x00000042   Code   RO          383    .text.MX_I2C2_Init  i2c.o
    0x080055d2   0x080055d2   0x00000002   PAD
    0x080055d4   0x080055d4   0x0000004c   Code   RO          398    .text.MX_SPI1_Init  spi.o
    0x08005620   0x08005620   0x00000046   Code   RO          400    .text.MX_SPI2_Init  spi.o
    0x08005666   0x08005666   0x00000002   PAD
    0x08005668   0x08005668   0x000000ce   Code   RO          416    .text.MX_TIM1_Init  tim.o
    0x08005736   0x08005736   0x00000002   PAD
    0x08005738   0x08005738   0x000000f4   Code   RO          420    .text.MX_TIM2_Init  tim.o
    0x0800582c   0x0800582c   0x00000068   Code   RO          422    .text.MX_TIM3_Init  tim.o
    0x08005894   0x08005894   0x000000e0   Code   RO          424    .text.MX_TIM4_Init  tim.o
    0x08005974   0x08005974   0x00000072   Code   RO          426    .text.MX_TIM5_Init  tim.o
    0x080059e6   0x080059e6   0x00000002   PAD
    0x080059e8   0x080059e8   0x00000052   Code   RO          428    .text.MX_TIM6_Init  tim.o
    0x08005a3a   0x08005a3a   0x00000002   PAD
    0x08005a3c   0x08005a3c   0x0000004e   Code   RO          430    .text.MX_TIM7_Init  tim.o
    0x08005a8a   0x08005a8a   0x00000002   PAD
    0x08005a8c   0x08005a8c   0x0000006e   Code   RO          432    .text.MX_TIM8_Init  tim.o
    0x08005afa   0x08005afa   0x00000002   PAD
    0x08005afc   0x08005afc   0x0000003c   Code   RO          462    .text.MX_USART1_UART_Init  usart.o
    0x08005b38   0x08005b38   0x0000003c   Code   RO          464    .text.MX_USART3_UART_Init  usart.o
    0x08005b74   0x08005b74   0x00000002   Code   RO          488    .text.MemManage_Handler  stm32f1xx_it.o
    0x08005b76   0x08005b76   0x00000002   PAD
    0x08005b78   0x08005b78   0x0000009c   Code   RO           43    .text.Moto_Ctrl_Init  motor_drive.o
    0x08005c14   0x08005c14   0x000000da   Code   RO           67    .text.MusicProcess  music.o
    0x08005cee   0x08005cee   0x00000002   PAD
    0x08005cf0   0x08005cf0   0x0000001a   Code   RO           65    .text.Music_Menu_Off  music.o
    0x08005d0a   0x08005d0a   0x00000002   PAD
    0x08005d0c   0x08005d0c   0x0000001a   Code   RO           63    .text.Music_Menu_On  music.o
    0x08005d26   0x08005d26   0x00000002   PAD
    0x08005d28   0x08005d28   0x00000002   Code   RO          484    .text.NMI_Handler   stm32f1xx_it.o
    0x08005d2a   0x08005d2a   0x00000002   PAD
    0x08005d2c   0x08005d2c   0x0000035c   Code   RO           93    .text.OLED_ShowAscii  oled_i2c.o
    0x08006088   0x08006088   0x00000204   Code   RO           91    .text.OLED_clear    oled_i2c.o
    0x0800628c   0x0800628c   0x00000246   Code   RO           89    .text.OLED_init     oled_i2c.o
    0x080064d2   0x080064d2   0x00000002   PAD
    0x080064d4   0x080064d4   0x00000002   Code   RO          498    .text.PendSV_Handler  stm32f1xx_it.o
    0x080064d6   0x080064d6   0x00000002   PAD
    0x080064d8   0x080064d8   0x00000120   Code   RO         1248    .text.SPI_WaitFlagStateUntilTimeout  stm32f1xx_hal_spi.o
    0x080065f8   0x080065f8   0x00000002   Code   RO          494    .text.SVC_Handler   stm32f1xx_it.o
    0x080065fa   0x080065fa   0x00000002   PAD
    0x080065fc   0x080065fc   0x0000004c   Code   RO          552    .text.Scope_SendData  scope.o
    0x08006648   0x08006648   0x0000004e   Code   RO          550    .text.Scope_SendNames  scope.o
    0x08006696   0x08006696   0x00000002   PAD
    0x08006698   0x08006698   0x00000030   Code   RO           17    .text.Show_Unique_ID  common.o
    0x080066c8   0x080066c8   0x00000046   Code   RO          120    .text.Speed_Calculate  speed_encoder.o
    0x0800670e   0x0800670e   0x00000002   PAD
    0x08006710   0x08006710   0x0000002c   Code   RO          116    .text.Speed_Encoder_Init  speed_encoder.o
    0x0800673c   0x0800673c   0x00000034   Code   RO          118    .text.Speed_Encoder_Update  speed_encoder.o
    0x08006770   0x08006770   0x0000009a   Code   RO          154    .text.StartAllUartDMAReceive  uart_dma.o
    0x0800680a   0x0800680a   0x00000002   PAD
    0x0800680c   0x0800680c   0x0000005e   Code   RO           47    .text.Steer_Moto_Ctrl  motor_drive.o
    0x0800686a   0x0800686a   0x00000002   PAD
    0x0800686c   0x0800686c   0x00000198   Code   RO           41    .text.Steer_Moto_Init  motor_drive.o
    0x08006a04   0x08006a04   0x00000004   Code   RO          500    .text.SysTick_Handler  stm32f1xx_it.o
    0x08006a08   0x08006a08   0x00000002   Code   RO         1697    .text.SystemInit    system_stm32f1xx.o
    0x08006a0a   0x08006a0a   0x00000002   PAD
    0x08006a0c   0x08006a0c   0x000000fc   Code   RO           21    .text.System_Init   common.o
    0x08006b08   0x08006b08   0x0000000c   Code   RO          528    .text.TIM5_IRQHandler  stm32f1xx_it.o
    0x08006b14   0x08006b14   0x0000000c   Code   RO          530    .text.TIM6_IRQHandler  stm32f1xx_it.o
    0x08006b20   0x08006b20   0x0000000c   Code   RO          532    .text.TIM7_IRQHandler  stm32f1xx_it.o
    0x08006b2c   0x08006b2c   0x000000e0   Code   RO         1262    .text.TIM_Base_SetConfig  stm32f1xx_hal_tim.o
    0x08006c0c   0x08006c0c   0x0000000c   Code   RO         1657    .text.UART_DMAAbortOnError  stm32f1xx_hal_uart.o
    0x08006c18   0x08006c18   0x0000017c   Code   RO         1607    .text.UART_DMAError  stm32f1xx_hal_uart.o
    0x08006d94   0x08006d94   0x0000015e   Code   RO         1685    .text.UART_DMAReceiveCplt  stm32f1xx_hal_uart.o
    0x08006ef2   0x08006ef2   0x00000002   PAD
    0x08006ef4   0x08006ef4   0x00000018   Code   RO         1687    .text.UART_DMARxHalfCplt  stm32f1xx_hal_uart.o
    0x08006f0c   0x08006f0c   0x000000b0   Code   RO         1603    .text.UART_DMATransmitCplt  stm32f1xx_hal_uart.o
    0x08006fbc   0x08006fbc   0x00000006   Code   RO         1605    .text.UART_DMATxHalfCplt  stm32f1xx_hal_uart.o
    0x08006fc2   0x08006fc2   0x00000002   PAD
    0x08006fc4   0x08006fc4   0x000000fe   Code   RO         1655    .text.UART_Receive_IT  stm32f1xx_hal_uart.o
    0x080070c2   0x080070c2   0x00000002   PAD
    0x080070c4   0x080070c4   0x00000018   Code   RO          522    .text.USART1_IRQHandler  stm32f1xx_it.o
    0x080070dc   0x080070dc   0x00000018   Code   RO          524    .text.USART3_IRQHandler  stm32f1xx_it.o
    0x080070f4   0x080070f4   0x00000010   Code   RO          138    .text.Uart1_RxDataCallback  uart_dma.o
    0x08007104   0x08007104   0x00000004   Code   RO          140    .text.Uart1_TxDataCallback  uart_dma.o
    0x08007108   0x08007108   0x00000010   Code   RO          142    .text.Uart3_RxDataCallback  uart_dma.o
    0x08007118   0x08007118   0x00000004   Code   RO          144    .text.Uart3_TxDataCallback  uart_dma.o
    0x0800711c   0x0800711c   0x0000007a   Code   RO          322    .text.UartCtrl_RxDataCallback  user_command.o
    0x08007196   0x08007196   0x00000002   PAD
    0x08007198   0x08007198   0x00000098   Code   RO          172    .text.UartTxDataQueue  uart_dma.o
    0x08007230   0x08007230   0x00000170   Code   RO          160    .text.Uart_RxIDLE_Handler  uart_dma.o
    0x080073a0   0x080073a0   0x000000be   Code   RO          261    .text.UltrasonicWave_Echo  ultrasonicwave.o
    0x0800745e   0x0800745e   0x00000002   PAD
    0x08007460   0x08007460   0x0000004e   Code   RO          263    .text.UltrasonicWave_Init  ultrasonicwave.o
    0x080074ae   0x080074ae   0x00000002   PAD
    0x080074b0   0x080074b0   0x00000014   Code   RO          269    .text.UltrasonicWave_Menu  ultrasonicwave.o
    0x080074c4   0x080074c4   0x0000015e   Code   RO          273    .text.UltrasonicWave_Process  ultrasonicwave.o
    0x08007622   0x08007622   0x00000002   PAD
    0x08007624   0x08007624   0x000000b8   Code   RO          271    .text.UltrasonicWave_ShowDistance  ultrasonicwave.o
    0x080076dc   0x080076dc   0x00000002   Code   RO          492    .text.UsageFault_Handler  stm32f1xx_it.o
    0x080076de   0x080076de   0x00000002   PAD
    0x080076e0   0x080076e0   0x00000330   Code   RO          320    .text.UserCmdParse  user_command.o
    0x08007a10   0x08007a10   0x0000002c   Code   RO          314    .text.UserCtrlCmdCallback  user_command.o
    0x08007a3c   0x08007a3c   0x00000172   Code   RO          298    .text.UserLEDShowProcess  led_show.o
    0x08007bae   0x08007bae   0x00000002   PAD
    0x08007bb0   0x08007bb0   0x00000024   Code   RO          294    .text.UserLED_Init  led_show.o
    0x08007bd4   0x08007bd4   0x00000050   Code   RO          296    .text.UserLED_Show_Menu  led_show.o
    0x08007c24   0x08007c24   0x00000022   Code   RO           23    .text.UserTasks     common.o
    0x08007c46   0x08007c46   0x00000002   PAD
    0x08007c48   0x08007c48   0x00000040   Code   RO           11    .text.fputc         common.o
    0x08007c88   0x08007c88   0x000000d2   Code   RO          334    .text.main          main.o
    0x08007d5a   0x08007d5a   0x00000002   PAD
    0x08007d5c   0x08007d5c   0x00000020   Code   RO         1963    i.__0printf         mc_w.l(printfa.o)
    0x08007d7c   0x08007d7c   0x00000028   Code   RO         1965    i.__0sprintf        mc_w.l(printfa.o)
    0x08007da4   0x08007da4   0x0000000e   Code   RO         2058    i.__scatterload_copy  mc_w.l(handlers.o)
    0x08007db2   0x08007db2   0x00000002   Code   RO         2059    i.__scatterload_null  mc_w.l(handlers.o)
    0x08007db4   0x08007db4   0x0000000e   Code   RO         2060    i.__scatterload_zeroinit  mc_w.l(handlers.o)
    0x08007dc2   0x08007dc2   0x00000002   PAD
    0x08007dc4   0x08007dc4   0x00000184   Code   RO         1970    i._fp_digits        mc_w.l(printfa.o)
    0x08007f48   0x08007f48   0x000006dc   Code   RO         1971    i._printf_core      mc_w.l(printfa.o)
    0x08008624   0x08008624   0x00000024   Code   RO         1972    i._printf_post_padding  mc_w.l(printfa.o)
    0x08008648   0x08008648   0x0000002e   Code   RO         1973    i._printf_pre_padding  mc_w.l(printfa.o)
    0x08008676   0x08008676   0x0000000a   Code   RO         1975    i._sputc            mc_w.l(printfa.o)
    0x08008680   0x08008680   0x00000024   Code   RO         1714    i.puts              mc_w.l(puts.o)
    0x080086a4   0x080086a4   0x00000010   Data   RO         1702    .rodata.AHBPrescTable  system_stm32f1xx.o
    0x080086b4   0x080086b4   0x00000008   Data   RO         1703    .rodata.APBPrescTable  system_stm32f1xx.o
    0x080086bc   0x080086bc   0x000005f0   Data   RO          102    .rodata.ASCII       oled_i2c.o
    0x08008cac   0x08008cac   0x00000002   Data   RO          762    .rodata.HAL_RCC_GetSysClockFreq.aPredivFactorTable  stm32f1xx_hal_rcc.o
    0x08008cae   0x08008cae   0x00000010   Data   RO          761    .rodata.cst16       stm32f1xx_hal_rcc.o
    0x08008cbe   0x08008cbe   0x00000090   Data   RO          302    .rodata.g_ShowData  led_show.o
    0x08008d4e   0x08008d4e   0x00000002   PAD
    0x08008d50   0x08008d50   0x000002a0   Data   RO          249    .rodata.g_menu      ctrl_menu.o
    0x08008ff0   0x08008ff0   0x00000058   Data   RO           71    .rodata.g_music_freq  music.o
    0x08009048   0x08009048   0x000000c8   Data   RO           73    .rodata.g_music_note  music.o
    0x08009110   0x08009110   0x000000c8   Data   RO           72    .rodata.g_music_tone  music.o
    0x080091d8   0x080091d8   0x00000120   Data   RO          184    .rodata.g_uart_port_map  uart_dma.o
    0x080092f8   0x080092f8   0x00000017   Data   RO          275    .rodata.str1.1      ultrasonicwave.o
    0x0800930f   0x0800930f   0x00000001   PAD
    0x08009310   0x08009310   0x00000020   Data   RO         2057    Region$$Table       anon$$obj.o


    Execution Region RW_IRAM1 (Exec base: 0x20000000, Load base: 0x08009330, Size: 0x000011a0, Max: 0x0000c000, ABSOLUTE, COMPRESSED[0x000000e0])

    Exec Addr    Load Addr    Size         Type   Attr      Idx    E Section Name        Object

    0x20000000   COMPRESSED   0x00000004   Data   RW         2019    .data               mc_w.l(stdout.o)
    0x20000004   COMPRESSED   0x00000040   Data   RW           53    .data..L_MergedGlobals  motor_drive.o
    0x20000044   COMPRESSED   0x00000008   Data   RW           74    .data..L_MergedGlobals  music.o
    0x2000004c   COMPRESSED   0x00000034   Data   RW          276    .data..L_MergedGlobals  ultrasonicwave.o
    0x20000080   COMPRESSED   0x0000002e   Data   RW          304    .data..L_MergedGlobals  led_show.o
    0x200000ae   COMPRESSED   0x00000002   PAD
    0x200000b0   COMPRESSED   0x00000008   Data   RW          724    .data..L_MergedGlobals  stm32f1xx_hal.o
    0x200000b8   COMPRESSED   0x00000004   Data   RW         1701    .data.SystemCoreClock  system_stm32f1xx.o
    0x200000bc   COMPRESSED   0x0000000c   Data   RW          226    .data.g_CarConfig   car_control.o
    0x200000c8   COMPRESSED   0x0000002c   Data   RW          324    .data.g_CarCtrlCmd  user_command.o
    0x200000f4   COMPRESSED   0x00000080   Data   RW          227    .data.g_CarPlan_Base  car_control.o
    0x20000174   COMPRESSED   0x000000e0   Data   RW          228    .data.g_CarPlan_Supper  car_control.o
    0x20000254   COMPRESSED   0x00000004   Data   RW          101    .data.g_OLED_i2c    oled_i2c.o
    0x20000258   COMPRESSED   0x00000004   Data   RW          301    .data.g_ledshow_time  led_show.o
    0x2000025c   COMPRESSED   0x00000001   Data   RW          250    .data.g_menu_size   ctrl_menu.o
    0x2000025d   COMPRESSED   0x00000003   PAD
    0x20000260   COMPRESSED   0x00000018   Data   RW          127    .data.g_speed_encoder  speed_encoder.o
    0x20000278   COMPRESSED   0x00000004   Data   RW           27    .data.g_sys_timer   common.o
    0x2000027c   COMPRESSED   0x00000004   PAD
    0x20000280        -       0x0000003a   Zero   RW          230    .bss..L_MergedGlobals  car_control.o
    0x200002ba        -       0x00000007   Zero   RW          252    .bss..L_MergedGlobals  ctrl_menu.o
    0x200002c1        -       0x00000042   Zero   RW          325    .bss..L_MergedGlobals  user_command.o
    0x20000303   COMPRESSED   0x00000001   PAD
    0x20000304        -       0x00000008   Zero   RW           75    .bss..L_MergedGlobals.1  music.o
    0x2000030c        -       0x00000004   Zero   RW          305    .bss..L_MergedGlobals.1  led_show.o
    0x20000310        -       0x00000002   Zero   RW          277    .bss..L_MergedGlobals.2  ultrasonicwave.o
    0x20000312   COMPRESSED   0x00000002   PAD
    0x20000314        -       0x00000004   Zero   RW           30    .bss.HAL_TIM_PeriodElapsedCallback.counter  common.o
    0x20000318        -       0x00000080   Zero   RW           28    .bss.fputc.printf_buf  common.o
    0x20000398        -       0x00000001   Zero   RW           29    .bss.fputc.printf_idx  common.o
    0x20000399        -       0x00000019   Zero   RW           25    .bss.g_device_uid   common.o
    0x200003b2        -       0x00000001   Zero   RW          126    .bss.g_speed_encoder_state  speed_encoder.o
    0x200003b3   COMPRESSED   0x00000001   PAD
    0x200003b4        -       0x00000490   Zero   RW          185    .bss.g_uart_buf     uart_dma.o
    0x20000844        -       0x00000030   Zero   RW          364    .bss.hadc1          adc.o
    0x20000874        -       0x00000044   Zero   RW          365    .bss.hdma_adc1      adc.o
    0x200008b8        -       0x00000044   Zero   RW          472    .bss.hdma_usart1_rx  usart.o
    0x200008fc        -       0x00000044   Zero   RW          473    .bss.hdma_usart1_tx  usart.o
    0x20000940        -       0x00000044   Zero   RW          474    .bss.hdma_usart3_rx  usart.o
    0x20000984        -       0x00000044   Zero   RW          475    .bss.hdma_usart3_tx  usart.o
    0x200009c8        -       0x00000054   Zero   RW          389    .bss.hi2c2          i2c.o
    0x20000a1c        -       0x00000058   Zero   RW          406    .bss.hspi1          spi.o
    0x20000a74        -       0x00000058   Zero   RW          407    .bss.hspi2          spi.o
    0x20000acc        -       0x00000048   Zero   RW          446    .bss.htim1          tim.o
    0x20000b14        -       0x00000048   Zero   RW          447    .bss.htim2          tim.o
    0x20000b5c        -       0x00000048   Zero   RW          448    .bss.htim3          tim.o
    0x20000ba4        -       0x00000048   Zero   RW          449    .bss.htim4          tim.o
    0x20000bec        -       0x00000048   Zero   RW          450    .bss.htim5          tim.o
    0x20000c34        -       0x00000048   Zero   RW          451    .bss.htim6          tim.o
    0x20000c7c        -       0x00000048   Zero   RW          452    .bss.htim7          tim.o
    0x20000cc4        -       0x00000048   Zero   RW          453    .bss.htim8          tim.o
    0x20000d0c        -       0x00000048   Zero   RW          470    .bss.huart1         usart.o
    0x20000d54        -       0x00000048   Zero   RW          471    .bss.huart3         usart.o
    0x20000d9c        -       0x00000004   Zero   RW          723    .bss.uwTick         stm32f1xx_hal.o
    0x20000da0        -       0x00000400   Zero   RW            1    STACK               startup_stm32f103xe.o


==============================================================================

Image component sizes


      Code (inc. data)   RO Data    RW Data    ZI Data      Debug   Object Name

       266          0          0          0        116       5677   adc.o
       764          0          0        364         58       4980   car_control.o
       648         92          0          4        158       7959   common.o
      1354         20        672          1          7       4033   ctrl_menu.o
       116          0          0          0          0       2521   dma.o
       432          0          0          0          0       3136   gpio.o
       174          0          0          0         84       4482   i2c.o
       828          0        144         50          4       9459   led_show.o
       220          0          0          0          0       3439   main.o
      1438          0          0         64          0       9114   motor_drive.o
       270          0        488          8          8       4608   music.o
      1958          0       1520          4          0      13522   oled_i2c.o
       154          0          0          0          0       1383   scope.o
       166          0          0         24          1       5166   speed_encoder.o
       362          0          0          0        176       4776   spi.o
        36          8        304          0       1024        772   startup_stm32f103xe.o
       148          0          0          8          4       6098   stm32f1xx_hal.o
       924          0          0          0          0      13540   stm32f1xx_hal_adc.o
         2          0          0          0          0       9790   stm32f1xx_hal_adc_ex.o
       238          0          0          0          0       8753   stm32f1xx_hal_cortex.o
      1344          0          0          0          0       8763   stm32f1xx_hal_dma.o
       528         22          0          0          0       4706   stm32f1xx_hal_gpio.o
      1948          0          0          0          0      45117   stm32f1xx_hal_i2c.o
        66          0          0          0          0       1210   stm32f1xx_hal_msp.o
      1542          0         18          0          0       8076   stm32f1xx_hal_rcc.o
       258          0          0          0          0       3841   stm32f1xx_hal_rcc_ex.o
       962          0          0          0          0      23582   stm32f1xx_hal_spi.o
      2722          6          0          0          0      57836   stm32f1xx_hal_tim.o
       230          0          0          0          0      21405   stm32f1xx_hal_tim_ex.o
      3468          0          0          0          0      33161   stm32f1xx_hal_uart.o
       208          0          0          0          0       7918   stm32f1xx_it.o
         2          0         24          4          0       1587   system_stm32f1xx.o
      1892          6          0          0        576      12256   tim.o
      1402          0        288          0       1168      12420   uart_dma.o
       822          0         23         52          2       8012   ultrasonicwave.o
       614          0          0          0        416       6628   usart.o
       982         12          0         44         66       6490   user_command.o

    ----------------------------------------------------------------------
     29692        166       3516        632       3876     386216   Object Totals
         0          0         32          0          0          0   (incl. Generated)
       204          0          3          5          8          0   (incl. Padding)

    ----------------------------------------------------------------------

      Code (inc. data)   RO Data    RW Data    ZI Data      Debug   Library Member Name

        86          0          0          0          0          0   __dczerorl2.o
         0          0          0          0          0          0   entry.o
         0          0          0          0          0          0   entry10a.o
         0          0          0          0          0          0   entry11a.o
         8          4          0          0          0          0   entry2.o
         4          0          0          0          0          0   entry5.o
         0          0          0          0          0          0   entry7b.o
         0          0          0          0          0          0   entry8b.o
         8          4          0          0          0          0   entry9a.o
        30          0          0          0          0          0   handlers.o
        48         10          0          0          0         68   init.o
         0          0          0          0          0          0   iusefp.o
        30          0          0          0          0         68   llshl.o
        36          0          0          0          0         68   llsshr.o
        32          0          0          0          0         68   llushr.o
        36          0          0          0          0         68   memcpya.o
      2308         96          0          0          0        604   printfa.o
        36          6          0          0          0         80   puts.o
         0          0          0          4          0          0   stdout.o
        42          0          0          0          0         84   strcasecmp.o
        14          0          0          0          0         68   strlen.o
        50          0          0          0          0         84   strncasecmp.o
        12          0          0          0          0         68   tolower.o
        44          0          0          0          0         80   uidiv.o
        98          0          0          0          0         92   uldiv.o
        48          0          0          0          0         68   cdrcmple.o
       334          0          0          0          0        148   dadd.o
       222          0          0          0          0        100   ddiv.o
       186          0          0          0          0        176   depilogue.o
        48          0          0          0          0         68   dfixul.o
        26          0          0          0          0         76   dfltui.o
       228          0          0          0          0         96   dmul.o
       176          0          0          0          0        140   fadd.o
       110          0          0          0          0        168   fepilogue.o
        50          0          0          0          0         68   ffixi.o
        18          0          0          0          0         68   fflti.o
       100          0          0          0          0         76   fmul.o

    ----------------------------------------------------------------------
      4472        120          0          4          0       2752   Library Totals
         4          0          0          0          0          0   (incl. Padding)

    ----------------------------------------------------------------------

      Code (inc. data)   RO Data    RW Data    ZI Data      Debug   Library Name

      2922        120          0          4          0       1500   mc_w.l
      1546          0          0          0          0       1252   mf_w.l

    ----------------------------------------------------------------------
      4472        120          0          4          0       2752   Library Totals

    ----------------------------------------------------------------------

==============================================================================


      Code (inc. data)   RO Data    RW Data    ZI Data      Debug   

     34164        286       3516        636       3876     387044   Grand Totals
     34164        286       3516        224       3876     387044   ELF Image Totals (compressed)
     34164        286       3516        224          0          0   ROM Totals

==============================================================================

    Total RO  Size (Code + RO Data)                37680 (  36.80kB)
    Total RW  Size (RW Data + ZI Data)              4512 (   4.41kB)
    Total ROM Size (Code + RO Data + RW Data)      37904 (  37.02kB)

==============================================================================

