<html>
<body>
<pre>
<h1>µVision Build Log</h1>
<h2>Tool Versions:</h2>
IDE-Version: ¦ÌVision V5.38.0.0
Copyright (C) 2022 ARM Ltd and ARM Germany GmbH. All rights reserved.
License Information: a poland, HP Inc., LIC=65ISZ-JY2T8-RANDM-XGE2P-48UHU-YFF4Z
 
Tool Versions:
Toolchain:       MDK-ARM Plus  Version: 5.41.0.0
Toolchain Path:  E:\keil\ARM\v5\Bin
C Compiler:      Armcc.exe V5.06 update 7 (build 960)
Assembler:       Armasm.exe V5.06 update 7 (build 960)
Linker/Locator:  ArmLink.exe V5.06 update 7 (build 960)
Library Manager: ArmAr.exe V5.06 update 7 (build 960)
Hex Converter:   FromElf.exe V5.06 update 7 (build 960)
CPU DLL:         SARMCM3.DLL V5.41.0.0
Dialog DLL:      DCM.DLL V1.17.5.0
Target DLL:      CMSIS_AGDI.dll V1.33.21.0
Dialog DLL:      TCM.DLL V1.56.4.0
 
<h2>Project:</h2>
E:\ide\car\car2025_final\MDK-ARM\car2025_final.uvprojx
Project File Date:  06/30/2025

<h2>Output:</h2>
*** Using Compiler 'V5.06 update 7 (build 960)', folder: 'E:\keil\ARM\v5\Bin'
Rebuild target 'car2025_final'
assembling startup_stm32f103xe.s...
compiling music.c...
..\Core\Src\music.c(67): warning:  #177-D: variable "counter"  was declared but never referenced
  	uint32_t counter ;
..\Core\Src\music.c: 1 warning, 0 errors
compiling speed_encoder.c...
..\Core\Src\speed_encoder.c(72): warning:  #167-D: argument of type "uint8_t *" is incompatible with parameter of type "char *restrict"
  		sprintf( buf , "L:%d R:%d" , speed[0] , speed[1] );
..\Core\Src\speed_encoder.c(75): warning:  #167-D: argument of type "uint8_t *" is incompatible with parameter of type "char *restrict"
  		sprintf( buf , "L:%d R:%d" , counter[0] , counter[1] );
..\Core\Src\speed_encoder.c: 2 warnings, 0 errors
compiling ultrasonicwave.c...
..\Core\Src\ultrasonicwave.c(105): warning:  #167-D: argument of type "uint8_t *" is incompatible with parameter of type "char *restrict"
  		if ( g_ultrawave_data[i].distance < 100 ) sprintf( buf , "%d: -- mm" , i );
..\Core\Src\ultrasonicwave.c(106): warning:  #167-D: argument of type "uint8_t *" is incompatible with parameter of type "char *restrict"
  		else sprintf( buf , "%d: %4.1f mm" , i , g_ultrawave_data[i].distance/100.0 );
..\Core\Src\ultrasonicwave.c: 2 warnings, 0 errors
compiling led_show.c...
compiling car_control.c...
..\Core\Src\car_control.c(134): warning:  #177-D: variable "p_car_cfg"  was declared but never referenced
  	car_config_t *p_car_cfg = & g_CarConfig ;
..\Core\Src\car_control.c(223): warning:  #167-D: argument of type "uint8_t *" is incompatible with parameter of type "char *restrict"
  		sprintf( buf , "L:%d R:%d" , speed[0] , speed[1] );
..\Core\Src\car_control.c(226): warning:  #167-D: argument of type "uint8_t *" is incompatible with parameter of type "char *restrict"
  		sprintf( buf , "L:%d R:%d" , pwm[0] , pwm[1] );
..\Core\Src\car_control.c(262): warning:  #1-D: last line of file ends without a newline
  }
..\Core\Src\car_control.c: 4 warnings, 0 errors
compiling user_command.c...
..\Core\Src\user_command.c(71): warning:  #111-D: statement is unreachable
  					break;
..\Core\Src\user_command.c(131): warning:  #111-D: statement is unreachable
  			break;			
..\Core\Src\user_command.c(143): warning:  #167-D: argument of type "const uint8_t *" is incompatible with parameter of type "const char *"
  		if(strncasecmp((const uint8_t *)g_CarCtrlCmd[i].cmd, (const char *)buf, strlen((const char *)g_CarCtrlCmd[i].cmd)) == 0)
..\Core\Src\user_command.c(260): warning:  #167-D: argument of type "uint8_t *" is incompatible with parameter of type "const char *"
  	if (strcasecmp( buf , "ID" ) == 0 )
..\Core\Src\user_command.c(257): warning:  #177-D: variable "tmp"  was declared but never referenced
    uint8_t tmp[16] ;
..\Core\Src\user_command.c(259): warning:  #177-D: variable "cmd_ptr"  was declared but never referenced
  	car_ctrl_cmd_t *cmd_ptr = (car_ctrl_cmd_t *)ptr;
..\Core\Src\user_command.c: 6 warnings, 0 errors
compiling ctrl_menu.c...
compiling main.c...
compiling motor_drive.c...
compiling oled_i2c.c...
..\Core\Src\oled_i2c.c(305): warning:  #167-D: argument of type "uint8_t *" is incompatible with parameter of type "const char *"
  	  OLED_ShowAscii( 0,0,data[i] ,strlen(data[i]) ,1  );
..\Core\Src\oled_i2c.c: 1 warning, 0 errors
compiling gpio.c...
compiling uart_dma.c...
compiling common.c...
compiling dma.c...
compiling stm32f1xx_hal.c...
compiling stm32f1xx_hal_gpio_ex.c...
compiling stm32f1xx_hal_msp.c...
compiling spi.c...
compiling adc.c...
compiling i2c.c...
compiling stm32f1xx_it.c...
compiling scope.c...
scope.c(51): warning:  #1-D: last line of file ends without a newline
  }
scope.c: 1 warning, 0 errors
compiling tim.c...
compiling stm32f1xx_hal_adc_ex.c...
compiling usart.c...
compiling stm32f1xx_hal_adc.c...
compiling stm32f1xx_hal_rcc_ex.c...
compiling stm32f1xx_hal_cortex.c...
compiling stm32f1xx_hal_pwr.c...
compiling stm32f1xx_hal_flash_ex.c...
compiling stm32f1xx_hal_exti.c...
compiling stm32f1xx_hal_gpio.c...
compiling stm32f1xx_hal_flash.c...
compiling stm32f1xx_hal_rcc.c...
compiling stm32f1xx_hal_dma.c...
compiling stm32f1xx_hal_spi.c...
compiling stm32f1xx_hal_tim_ex.c...
compiling stm32f1xx_hal_i2c.c...
compiling stm32f1xx_hal_tim.c...
compiling system_stm32f1xx.c...
compiling stm32f1xx_hal_uart.c...
linking...
Program Size: Code=26424 RO-data=3552 RW-data=560 ZI-data=3800  
FromELF: creating hex file...
"car2025_final\car2025_final.axf" - 0 Error(s), 17 Warning(s).

<h2>Software Packages used:</h2>

Package Vendor: ARM
                https://www.keil.com/pack/ARM.CMSIS.6.1.0.pack
                ARM.CMSIS.6.1.0
                CMSIS (Common Microcontroller Software Interface Standard)
   * Component: CORE Version: 6.1.0

Package Vendor: Keil
                https://www.keil.com/pack/Keil.STM32F1xx_DFP.2.4.1.pack
                Keil.STM32F1xx_DFP.2.4.1
                STMicroelectronics STM32F1 Series Device Support, Drivers and Examples

<h2>Collection of Component include folders:</h2>
  ./RTE/_car2025_final
  E:/keil pack/ARM/CMSIS/6.1.0/CMSIS/Core/Include
  E:/keil pack/Keil/STM32F1xx_DFP/2.4.1/Device/Include

<h2>Collection of Component Files used:</h2>

   * Component: ARM::CMSIS:CORE:6.1.0
      Include file:  CMSIS/Core/Include/tz_context.h
Build Time Elapsed:  00:00:09
</pre>
</body>
</html>
